// Jest Snapshot v1, https://goo.gl/fbAQLP

exports[`MasterCardSkeleton component should match snapshot 1`] = `
{
  "asFragment": [Function],
  "baseElement": <body>
    <div>
      <div
        class="flex flex-col relative overflow-hidden h-auto text-foreground box-border outline-none data-[focus-visible=true]:z-10 data-[focus-visible=true]:outline-2 data-[focus-visible=true]:outline-focus data-[focus-visible=true]:outline-offset-2 shadow-medium rounded-large transition-transform-background motion-reduce:transition-none w-full min-w-[100px] bg-background-700 px-4 pb-5 pt-[14px] md:min-w-[294px]"
        tabindex="-1"
      >
        <div
          class="flex z-10 w-full justify-start items-center shrink-0 overflow-inherit color-inherit subpixel-antialiased rounded-t-large p-0"
        >
          <div
            class="group relative overflow-hidden bg-content3 dark:bg-content2 pointer-events-none before:opacity-100 before:absolute before:inset-0 before:-translate-x-full before:animate-[shimmer_2s_infinite] before:border-t before:border-content4/30 before:bg-gradient-to-r before:from-transparent before:via-content4 dark:before:via-default-700/10 before:to-transparent after:opacity-100 after:absolute after:inset-0 after:-z-10 after:bg-content3 dark:after:bg-content2 data-[loaded=true]:pointer-events-auto data-[loaded=true]:overflow-visible data-[loaded=true]:!bg-transparent data-[loaded=true]:before:opacity-0 data-[loaded=true]:before:-z-10 data-[loaded=true]:before:animate-none data-[loaded=true]:after:opacity-0 transition-background !duration-300 h-5 w-44 rounded-lg"
          >
            <div
              class="opacity-0 group-data-[loaded=true]:opacity-100 transition-opacity motion-reduce:transition-none !duration-300"
            />
          </div>
        </div>
        <div
          class="relative flex w-full p-3 flex-auto flex-col place-content-inherit align-items-inherit h-auto break-words text-left overflow-y-auto subpixel-antialiased gap-2 px-0 pb-0 pt-3"
        >
          <div
            class="group relative overflow-hidden bg-content3 dark:bg-content2 pointer-events-none before:opacity-100 before:absolute before:inset-0 before:-translate-x-full before:animate-[shimmer_2s_infinite] before:border-t before:border-content4/30 before:bg-gradient-to-r before:from-transparent before:via-content4 dark:before:via-default-700/10 before:to-transparent after:opacity-100 after:absolute after:inset-0 after:-z-10 after:bg-content3 dark:after:bg-content2 data-[loaded=true]:pointer-events-auto data-[loaded=true]:overflow-visible data-[loaded=true]:!bg-transparent data-[loaded=true]:before:opacity-0 data-[loaded=true]:before:-z-10 data-[loaded=true]:before:animate-none data-[loaded=true]:after:opacity-0 transition-background !duration-300 h-4 w-24 rounded-lg"
          >
            <div
              class="opacity-0 group-data-[loaded=true]:opacity-100 transition-opacity motion-reduce:transition-none !duration-300"
            />
          </div>
          <div
            class="flex gap-6 text-[10px] font-normal text-white"
          >
            <div
              class="group relative overflow-hidden bg-content3 dark:bg-content2 pointer-events-none before:opacity-100 before:absolute before:inset-0 before:-translate-x-full before:animate-[shimmer_2s_infinite] before:border-t before:border-content4/30 before:bg-gradient-to-r before:from-transparent before:via-content4 dark:before:via-default-700/10 before:to-transparent after:opacity-100 after:absolute after:inset-0 after:-z-10 after:bg-content3 dark:after:bg-content2 data-[loaded=true]:pointer-events-auto data-[loaded=true]:overflow-visible data-[loaded=true]:!bg-transparent data-[loaded=true]:before:opacity-0 data-[loaded=true]:before:-z-10 data-[loaded=true]:before:animate-none data-[loaded=true]:after:opacity-0 transition-background !duration-300 h-3 w-14 rounded-lg"
            >
              <div
                class="opacity-0 group-data-[loaded=true]:opacity-100 transition-opacity motion-reduce:transition-none !duration-300"
              />
            </div>
            <div
              class="group relative overflow-hidden bg-content3 dark:bg-content2 pointer-events-none before:opacity-100 before:absolute before:inset-0 before:-translate-x-full before:animate-[shimmer_2s_infinite] before:border-t before:border-content4/30 before:bg-gradient-to-r before:from-transparent before:via-content4 dark:before:via-default-700/10 before:to-transparent after:opacity-100 after:absolute after:inset-0 after:-z-10 after:bg-content3 dark:after:bg-content2 data-[loaded=true]:pointer-events-auto data-[loaded=true]:overflow-visible data-[loaded=true]:!bg-transparent data-[loaded=true]:before:opacity-0 data-[loaded=true]:before:-z-10 data-[loaded=true]:before:animate-none data-[loaded=true]:after:opacity-0 transition-background !duration-300 h-3 w-14 rounded-lg"
            >
              <div
                class="opacity-0 group-data-[loaded=true]:opacity-100 transition-opacity motion-reduce:transition-none !duration-300"
              />
            </div>
          </div>
        </div>
        <div
          class="p-3 h-auto flex w-full overflow-hidden color-inherit subpixel-antialiased rounded-b-large flex-col items-start px-0 pb-0 pt-4"
        >
          <div
            class="group relative overflow-hidden bg-content3 dark:bg-content2 pointer-events-none before:opacity-100 before:absolute before:inset-0 before:-translate-x-full before:animate-[shimmer_2s_infinite] before:border-t before:border-content4/30 before:bg-gradient-to-r before:from-transparent before:via-content4 dark:before:via-default-700/10 before:to-transparent after:opacity-100 after:absolute after:inset-0 after:-z-10 after:bg-content3 dark:after:bg-content2 data-[loaded=true]:pointer-events-auto data-[loaded=true]:overflow-visible data-[loaded=true]:!bg-transparent data-[loaded=true]:before:opacity-0 data-[loaded=true]:before:-z-10 data-[loaded=true]:before:animate-none data-[loaded=true]:after:opacity-0 transition-background !duration-300 h-4 w-20 rounded-lg"
          >
            <div
              class="opacity-0 group-data-[loaded=true]:opacity-100 transition-opacity motion-reduce:transition-none !duration-300"
            />
          </div>
          <div
            class="md:max-0 mx-auto mt-2 flex max-w-[220px] flex-row items-center gap-9 md:max-w-full"
          >
            <div
              class="group relative overflow-hidden bg-content3 dark:bg-content2 pointer-events-none before:opacity-100 before:absolute before:inset-0 before:-translate-x-full before:animate-[shimmer_2s_infinite] before:border-t before:border-content4/30 before:bg-gradient-to-r before:from-transparent before:via-content4 dark:before:via-default-700/10 before:to-transparent after:opacity-100 after:absolute after:inset-0 after:-z-10 after:bg-content3 dark:after:bg-content2 data-[loaded=true]:pointer-events-auto data-[loaded=true]:overflow-visible data-[loaded=true]:!bg-transparent data-[loaded=true]:before:opacity-0 data-[loaded=true]:before:-z-10 data-[loaded=true]:before:animate-none data-[loaded=true]:after:opacity-0 transition-background !duration-300 h-24 w-24 rounded-full"
            >
              <div
                class="opacity-0 group-data-[loaded=true]:opacity-100 transition-opacity motion-reduce:transition-none !duration-300"
              />
            </div>
            <div
              class="flex flex-col gap-3"
            >
              <div
                class="group relative overflow-hidden bg-content3 dark:bg-content2 pointer-events-none before:opacity-100 before:absolute before:inset-0 before:-translate-x-full before:animate-[shimmer_2s_infinite] before:border-t before:border-content4/30 before:bg-gradient-to-r before:from-transparent before:via-content4 dark:before:via-default-700/10 before:to-transparent after:opacity-100 after:absolute after:inset-0 after:-z-10 after:bg-content3 dark:after:bg-content2 data-[loaded=true]:pointer-events-auto data-[loaded=true]:overflow-visible data-[loaded=true]:!bg-transparent data-[loaded=true]:before:opacity-0 data-[loaded=true]:before:-z-10 data-[loaded=true]:before:animate-none data-[loaded=true]:after:opacity-0 transition-background !duration-300 h-3 w-14 rounded-lg"
              >
                <div
                  class="opacity-0 group-data-[loaded=true]:opacity-100 transition-opacity motion-reduce:transition-none !duration-300"
                />
              </div>
              <div
                class="group relative overflow-hidden bg-content3 dark:bg-content2 pointer-events-none before:opacity-100 before:absolute before:inset-0 before:-translate-x-full before:animate-[shimmer_2s_infinite] before:border-t before:border-content4/30 before:bg-gradient-to-r before:from-transparent before:via-content4 dark:before:via-default-700/10 before:to-transparent after:opacity-100 after:absolute after:inset-0 after:-z-10 after:bg-content3 dark:after:bg-content2 data-[loaded=true]:pointer-events-auto data-[loaded=true]:overflow-visible data-[loaded=true]:!bg-transparent data-[loaded=true]:before:opacity-0 data-[loaded=true]:before:-z-10 data-[loaded=true]:before:animate-none data-[loaded=true]:after:opacity-0 transition-background !duration-300 h-3 w-14 rounded-lg"
              >
                <div
                  class="opacity-0 group-data-[loaded=true]:opacity-100 transition-opacity motion-reduce:transition-none !duration-300"
                />
              </div>
              <div
                class="group relative overflow-hidden bg-content3 dark:bg-content2 pointer-events-none before:opacity-100 before:absolute before:inset-0 before:-translate-x-full before:animate-[shimmer_2s_infinite] before:border-t before:border-content4/30 before:bg-gradient-to-r before:from-transparent before:via-content4 dark:before:via-default-700/10 before:to-transparent after:opacity-100 after:absolute after:inset-0 after:-z-10 after:bg-content3 dark:after:bg-content2 data-[loaded=true]:pointer-events-auto data-[loaded=true]:overflow-visible data-[loaded=true]:!bg-transparent data-[loaded=true]:before:opacity-0 data-[loaded=true]:before:-z-10 data-[loaded=true]:before:animate-none data-[loaded=true]:after:opacity-0 transition-background !duration-300 h-3 w-14 rounded-lg"
              >
                <div
                  class="opacity-0 group-data-[loaded=true]:opacity-100 transition-opacity motion-reduce:transition-none !duration-300"
                />
              </div>
            </div>
          </div>
        </div>
      </div>
    </div>
  </body>,
  "container": <div>
    <div
      class="flex flex-col relative overflow-hidden h-auto text-foreground box-border outline-none data-[focus-visible=true]:z-10 data-[focus-visible=true]:outline-2 data-[focus-visible=true]:outline-focus data-[focus-visible=true]:outline-offset-2 shadow-medium rounded-large transition-transform-background motion-reduce:transition-none w-full min-w-[100px] bg-background-700 px-4 pb-5 pt-[14px] md:min-w-[294px]"
      tabindex="-1"
    >
      <div
        class="flex z-10 w-full justify-start items-center shrink-0 overflow-inherit color-inherit subpixel-antialiased rounded-t-large p-0"
      >
        <div
          class="group relative overflow-hidden bg-content3 dark:bg-content2 pointer-events-none before:opacity-100 before:absolute before:inset-0 before:-translate-x-full before:animate-[shimmer_2s_infinite] before:border-t before:border-content4/30 before:bg-gradient-to-r before:from-transparent before:via-content4 dark:before:via-default-700/10 before:to-transparent after:opacity-100 after:absolute after:inset-0 after:-z-10 after:bg-content3 dark:after:bg-content2 data-[loaded=true]:pointer-events-auto data-[loaded=true]:overflow-visible data-[loaded=true]:!bg-transparent data-[loaded=true]:before:opacity-0 data-[loaded=true]:before:-z-10 data-[loaded=true]:before:animate-none data-[loaded=true]:after:opacity-0 transition-background !duration-300 h-5 w-44 rounded-lg"
        >
          <div
            class="opacity-0 group-data-[loaded=true]:opacity-100 transition-opacity motion-reduce:transition-none !duration-300"
          />
        </div>
      </div>
      <div
        class="relative flex w-full p-3 flex-auto flex-col place-content-inherit align-items-inherit h-auto break-words text-left overflow-y-auto subpixel-antialiased gap-2 px-0 pb-0 pt-3"
      >
        <div
          class="group relative overflow-hidden bg-content3 dark:bg-content2 pointer-events-none before:opacity-100 before:absolute before:inset-0 before:-translate-x-full before:animate-[shimmer_2s_infinite] before:border-t before:border-content4/30 before:bg-gradient-to-r before:from-transparent before:via-content4 dark:before:via-default-700/10 before:to-transparent after:opacity-100 after:absolute after:inset-0 after:-z-10 after:bg-content3 dark:after:bg-content2 data-[loaded=true]:pointer-events-auto data-[loaded=true]:overflow-visible data-[loaded=true]:!bg-transparent data-[loaded=true]:before:opacity-0 data-[loaded=true]:before:-z-10 data-[loaded=true]:before:animate-none data-[loaded=true]:after:opacity-0 transition-background !duration-300 h-4 w-24 rounded-lg"
        >
          <div
            class="opacity-0 group-data-[loaded=true]:opacity-100 transition-opacity motion-reduce:transition-none !duration-300"
          />
        </div>
        <div
          class="flex gap-6 text-[10px] font-normal text-white"
        >
          <div
            class="group relative overflow-hidden bg-content3 dark:bg-content2 pointer-events-none before:opacity-100 before:absolute before:inset-0 before:-translate-x-full before:animate-[shimmer_2s_infinite] before:border-t before:border-content4/30 before:bg-gradient-to-r before:from-transparent before:via-content4 dark:before:via-default-700/10 before:to-transparent after:opacity-100 after:absolute after:inset-0 after:-z-10 after:bg-content3 dark:after:bg-content2 data-[loaded=true]:pointer-events-auto data-[loaded=true]:overflow-visible data-[loaded=true]:!bg-transparent data-[loaded=true]:before:opacity-0 data-[loaded=true]:before:-z-10 data-[loaded=true]:before:animate-none data-[loaded=true]:after:opacity-0 transition-background !duration-300 h-3 w-14 rounded-lg"
          >
            <div
              class="opacity-0 group-data-[loaded=true]:opacity-100 transition-opacity motion-reduce:transition-none !duration-300"
            />
          </div>
          <div
            class="group relative overflow-hidden bg-content3 dark:bg-content2 pointer-events-none before:opacity-100 before:absolute before:inset-0 before:-translate-x-full before:animate-[shimmer_2s_infinite] before:border-t before:border-content4/30 before:bg-gradient-to-r before:from-transparent before:via-content4 dark:before:via-default-700/10 before:to-transparent after:opacity-100 after:absolute after:inset-0 after:-z-10 after:bg-content3 dark:after:bg-content2 data-[loaded=true]:pointer-events-auto data-[loaded=true]:overflow-visible data-[loaded=true]:!bg-transparent data-[loaded=true]:before:opacity-0 data-[loaded=true]:before:-z-10 data-[loaded=true]:before:animate-none data-[loaded=true]:after:opacity-0 transition-background !duration-300 h-3 w-14 rounded-lg"
          >
            <div
              class="opacity-0 group-data-[loaded=true]:opacity-100 transition-opacity motion-reduce:transition-none !duration-300"
            />
          </div>
        </div>
      </div>
      <div
        class="p-3 h-auto flex w-full overflow-hidden color-inherit subpixel-antialiased rounded-b-large flex-col items-start px-0 pb-0 pt-4"
      >
        <div
          class="group relative overflow-hidden bg-content3 dark:bg-content2 pointer-events-none before:opacity-100 before:absolute before:inset-0 before:-translate-x-full before:animate-[shimmer_2s_infinite] before:border-t before:border-content4/30 before:bg-gradient-to-r before:from-transparent before:via-content4 dark:before:via-default-700/10 before:to-transparent after:opacity-100 after:absolute after:inset-0 after:-z-10 after:bg-content3 dark:after:bg-content2 data-[loaded=true]:pointer-events-auto data-[loaded=true]:overflow-visible data-[loaded=true]:!bg-transparent data-[loaded=true]:before:opacity-0 data-[loaded=true]:before:-z-10 data-[loaded=true]:before:animate-none data-[loaded=true]:after:opacity-0 transition-background !duration-300 h-4 w-20 rounded-lg"
        >
          <div
            class="opacity-0 group-data-[loaded=true]:opacity-100 transition-opacity motion-reduce:transition-none !duration-300"
          />
        </div>
        <div
          class="md:max-0 mx-auto mt-2 flex max-w-[220px] flex-row items-center gap-9 md:max-w-full"
        >
          <div
            class="group relative overflow-hidden bg-content3 dark:bg-content2 pointer-events-none before:opacity-100 before:absolute before:inset-0 before:-translate-x-full before:animate-[shimmer_2s_infinite] before:border-t before:border-content4/30 before:bg-gradient-to-r before:from-transparent before:via-content4 dark:before:via-default-700/10 before:to-transparent after:opacity-100 after:absolute after:inset-0 after:-z-10 after:bg-content3 dark:after:bg-content2 data-[loaded=true]:pointer-events-auto data-[loaded=true]:overflow-visible data-[loaded=true]:!bg-transparent data-[loaded=true]:before:opacity-0 data-[loaded=true]:before:-z-10 data-[loaded=true]:before:animate-none data-[loaded=true]:after:opacity-0 transition-background !duration-300 h-24 w-24 rounded-full"
          >
            <div
              class="opacity-0 group-data-[loaded=true]:opacity-100 transition-opacity motion-reduce:transition-none !duration-300"
            />
          </div>
          <div
            class="flex flex-col gap-3"
          >
            <div
              class="group relative overflow-hidden bg-content3 dark:bg-content2 pointer-events-none before:opacity-100 before:absolute before:inset-0 before:-translate-x-full before:animate-[shimmer_2s_infinite] before:border-t before:border-content4/30 before:bg-gradient-to-r before:from-transparent before:via-content4 dark:before:via-default-700/10 before:to-transparent after:opacity-100 after:absolute after:inset-0 after:-z-10 after:bg-content3 dark:after:bg-content2 data-[loaded=true]:pointer-events-auto data-[loaded=true]:overflow-visible data-[loaded=true]:!bg-transparent data-[loaded=true]:before:opacity-0 data-[loaded=true]:before:-z-10 data-[loaded=true]:before:animate-none data-[loaded=true]:after:opacity-0 transition-background !duration-300 h-3 w-14 rounded-lg"
            >
              <div
                class="opacity-0 group-data-[loaded=true]:opacity-100 transition-opacity motion-reduce:transition-none !duration-300"
              />
            </div>
            <div
              class="group relative overflow-hidden bg-content3 dark:bg-content2 pointer-events-none before:opacity-100 before:absolute before:inset-0 before:-translate-x-full before:animate-[shimmer_2s_infinite] before:border-t before:border-content4/30 before:bg-gradient-to-r before:from-transparent before:via-content4 dark:before:via-default-700/10 before:to-transparent after:opacity-100 after:absolute after:inset-0 after:-z-10 after:bg-content3 dark:after:bg-content2 data-[loaded=true]:pointer-events-auto data-[loaded=true]:overflow-visible data-[loaded=true]:!bg-transparent data-[loaded=true]:before:opacity-0 data-[loaded=true]:before:-z-10 data-[loaded=true]:before:animate-none data-[loaded=true]:after:opacity-0 transition-background !duration-300 h-3 w-14 rounded-lg"
            >
              <div
                class="opacity-0 group-data-[loaded=true]:opacity-100 transition-opacity motion-reduce:transition-none !duration-300"
              />
            </div>
            <div
              class="group relative overflow-hidden bg-content3 dark:bg-content2 pointer-events-none before:opacity-100 before:absolute before:inset-0 before:-translate-x-full before:animate-[shimmer_2s_infinite] before:border-t before:border-content4/30 before:bg-gradient-to-r before:from-transparent before:via-content4 dark:before:via-default-700/10 before:to-transparent after:opacity-100 after:absolute after:inset-0 after:-z-10 after:bg-content3 dark:after:bg-content2 data-[loaded=true]:pointer-events-auto data-[loaded=true]:overflow-visible data-[loaded=true]:!bg-transparent data-[loaded=true]:before:opacity-0 data-[loaded=true]:before:-z-10 data-[loaded=true]:before:animate-none data-[loaded=true]:after:opacity-0 transition-background !duration-300 h-3 w-14 rounded-lg"
            >
              <div
                class="opacity-0 group-data-[loaded=true]:opacity-100 transition-opacity motion-reduce:transition-none !duration-300"
              />
            </div>
          </div>
        </div>
      </div>
    </div>
  </div>,
  "debug": [Function],
  "findAllByAltText": [Function],
  "findAllByDisplayValue": [Function],
  "findAllByLabelText": [Function],
  "findAllByPlaceholderText": [Function],
  "findAllByRole": [Function],
  "findAllByTestId": [Function],
  "findAllByText": [Function],
  "findAllByTitle": [Function],
  "findByAltText": [Function],
  "findByDisplayValue": [Function],
  "findByLabelText": [Function],
  "findByPlaceholderText": [Function],
  "findByRole": [Function],
  "findByTestId": [Function],
  "findByText": [Function],
  "findByTitle": [Function],
  "getAllByAltText": [Function],
  "getAllByDisplayValue": [Function],
  "getAllByLabelText": [Function],
  "getAllByPlaceholderText": [Function],
  "getAllByRole": [Function],
  "getAllByTestId": [Function],
  "getAllByText": [Function],
  "getAllByTitle": [Function],
  "getByAltText": [Function],
  "getByDisplayValue": [Function],
  "getByLabelText": [Function],
  "getByPlaceholderText": [Function],
  "getByRole": [Function],
  "getByTestId": [Function],
  "getByText": [Function],
  "getByTitle": [Function],
  "queryAllByAltText": [Function],
  "queryAllByDisplayValue": [Function],
  "queryAllByLabelText": [Function],
  "queryAllByPlaceholderText": [Function],
  "queryAllByRole": [Function],
  "queryAllByTestId": [Function],
  "queryAllByText": [Function],
  "queryAllByTitle": [Function],
  "queryByAltText": [Function],
  "queryByDisplayValue": [Function],
  "queryByLabelText": [Function],
  "queryByPlaceholderText": [Function],
  "queryByRole": [Function],
  "queryByTestId": [Function],
  "queryByText": [Function],
  "queryByTitle": [Function],
  "rerender": [Function],
  "unmount": [Function],
}
`;
