// Jest Snapshot v1, https://goo.gl/fbAQLP

exports[`ContainerTransactions Component renders with correct data 1`] = `<div />`;
