// Jest Snapshot v1, https://goo.gl/fbAQLP

exports[`BalanceModal component Should render snapshot correctly 1`] = `
{
  "asFragment": [Function],
  "baseElement": <body>
    <div
      aria-hidden="true"
    />
    <span
      aria-hidden="true"
      data-focus-scope-start="true"
      hidden=""
    />
    <div
      tabindex="-1"
    >
      <div
        aria-hidden="true"
        class="z-50 bg-overlay/50 backdrop-opacity-disabled w-screen h-screen fixed inset-0"
        style="opacity: 0;"
      />
      <div
        class="flex w-screen fixed inset-0 z-50 overflow-x-auto justify-center h-[--visual-viewport-height] items-start sm:items-start overflow-y-auto [--scale-enter:100%] [--scale-exit:100%] [--slide-enter:0px] [--slide-exit:80px] sm:[--scale-enter:100%] sm:[--scale-exit:103%] sm:[--slide-enter:0px] sm:[--slide-exit:0px]"
        data-slot="wrapper"
        style="--visual-viewport-height: 768px; opacity: 0; transform: translateY(var(--slide-exit)) scale(var(--scale-exit));"
      >
        <section
          aria-modal="true"
          class="flex flex-col relative z-50 w-full box-border bg-content1 outline-none mx-1 sm:mx-6 sm:my-16 shadow-small my-16 !my-auto max-w-xs lg:max-w-4xl p-0 rounded-xl"
          data-dismissable="true"
          data-open="true"
          id=":r0:"
          role="dialog"
          tabindex="-1"
        >
          <div
            style="border: 0px; clipPath: inset(50%); height: 1px; margin: -1px; overflow: hidden; padding: 0px; position: absolute; width: 1px; white-space: nowrap;"
          >
            <button
              aria-label="Dismiss"
              id="react-aria-:r5:"
              style="width: 1px; height: 1px;"
              tabindex="-1"
            />
          </div>
          <button
            aria-label="Close"
            class="group inline-flex items-center box-border whitespace-nowrap font-normal subpixel-antialiased overflow-hidden tap-highlight-transparent data-[pressed=true]:scale-[0.97] h-12 gap-3 [&>svg]:max-w-[theme(spacing.8)] transition-transform-colors-opacity motion-reduce:transition-none data-[hover=true]:opacity-hover border-transparent max-h-10 text-sm leading-[20px] absolute appearance-none select-none top-1 right-1 rtl:left-1 rtl:right-[unset] p-2 rounded-full active:bg-default-200 tap-highlight-transparent outline-none data-[focus-visible=true]:z-10 data-[focus-visible=true]:outline-2 data-[focus-visible=true]:outline-focus data-[focus-visible=true]:outline-offset-2 bg-transparent max-h-none min-w-[20px] w-[20x] text-foreground-200 justify-end hover:bg-transparent data-[focus=true]:bg-transparent z-50"
            role="button"
            type="button"
          >
            <svg
              fill="currentColor"
              height="24"
              viewBox="0 0 24 24"
              width="24"
              xmlns="http://www.w3.org/2000/svg"
            >
              <path
                d="M19 3H5C3.89543 3 3 3.89543 3 5V19C3 20.1046 3.89543 21 5 21H19C20.1046 21 21 20.1046 21 19V5C21 3.89543 20.1046 3 19 3Z"
                stroke="#264653"
                strokeLinecap="round"
                 strokeLinejoin="round"
                strokeWidth="2"
              />
              <path
                d="M9 9L15 15"
                stroke="#264653"
                strokeLinecap="round"
                 strokeLinejoin="round"
                strokeWidth="2"
              />
              <path
                d="M15 9L9 15"
                stroke="#264653"
                strokeLinecap="round"
                 strokeLinejoin="round"
                strokeWidth="2"
              />
            </svg>
          </button>
          <div
            class="absolute left-4 top-4"
          >
            <h4
              class="text-primary-200 text-base font-medium text-primary-200"
            >
              Good Evening,
               
              <span
                class="text-foreground-100 text-base font-normal"
              >
                phong
              </span>
            </h4>
          </div>
          <div
            class="flex flex-col rounded-xl bg-lightGraySolid lg:flex-row"
          >
            <div
              class="flex flex-1 flex-col rounded-xl bg-white pb-[48px] pl-3 pr-[23px] pt-[56px]"
            >
              <div
                class="flex flex-col items-start justify-between gap-2 md:flex-row"
              >
                <div
                  class="flex flex-col gap-2"
                >
                  <h5
                    class="text-foreground-100 text-sm font-semibold"
                  >
                    Current Balance
                  </h5>
                  <span
                    class="text-foreground-100 text-base font-extrabold"
                  >
                    $
                    0
                    <span
                      class="text-foreground-100 text-xs font-semibold opacity-50"
                    >
                      /$
                      670,000
                    </span>
                  </span>
                </div>
                <div
                  class="flex flex-col gap-2"
                >
                  <h5
                    class="text-foreground-100 text-sm font-semibold"
                  >
                    Total Investments
                  </h5>
                  <span
                    class="text-foreground-100 text-base font-extrabold"
                  >
                    $
                    170,000
                  </span>
                </div>
              </div>
              <div
                class="relative mx-auto mt-9 flex h-[100px] w-[100px] items-center justify-center"
              >
                <div
                  aria-valuemax="100"
                  aria-valuemin="0"
                  aria-valuenow="70"
                  aria-valuetext="70%"
                  class="flex flex-col justify-center gap-1 max-w-fit items-center"
                  id="react-aria-:r6:"
                  role="progressbar"
                >
                  <div
                    class="relative block"
                  >
                    <svg
                      class="z-0 relative overflow-hidden text-primary w-full h-full drop-shadow-md"
                      fill="none"
                      strokeWidth="3"
                      viewBox="0 0 32 32"
                    >
                      <circle
                        class="h-full stroke-[#2A9D8F]/10"
                        cx="16"
                        cy="16"
                        r="13"
                        role="presentation"
                        stroke-dasharray="81.68140899333463 81.68140899333463"
                        stroke-dashoffset="0"
                        strokeLinecap="round"
                        transform="rotate(-90 16 16)"
                      />
                      <circle
                        class="h-full transition-all !duration-500 stroke-[#2A9D8F]"
                        cx="16"
                        cy="16"
                        r="13"
                        role="presentation"
                        stroke-dasharray="81.68140899333463 81.68140899333463"
                        stroke-dashoffset="81.68140899333463"
                        strokeLinecap="round"
                        transform="rotate(-90 16 16)"
                      />
                    </svg>
                  </div>
                </div>
                <div
                  class="absolute flex flex-col items-center"
                >
                  <p
                    class="text-foreground-100 text-center text-sm font-medium"
                  >
                    Spend
                  </p>
                  <span
                    class="text-foreground-100 text-base text-center font-extrabold"
                  >
                    70%
                  </span>
                </div>
              </div>
            </div>
            <div
              class="flex flex-1 flex-col py-8 pl-4 pr-3"
            >
              <h4
                class="text-foreground-100 text-base font-medium"
              >
                My Cards
              </h4>
              <div
                class="my-4"
              >
                <div
                  class="flex flex-wrap gap-4"
                />
              </div>
              <p
                class="text-foreground-100 text-xs max-w-[180px] font-normal"
              >
                You have a total of
                 
                <span
                  class="text-foreground-100 text-xs font-bold"
                >
                  $
                  0
                </span>
                 
                available in your wallet
              </p>
              <div
                class="mt-2.5"
              >
                <div
                  class="flex flex-col relative overflow-hidden h-auto text-foreground box-border outline-none data-[focus-visible=true]:z-10 data-[focus-visible=true]:outline-2 data-[focus-visible=true]:outline-focus data-[focus-visible=true]:outline-offset-2 shadow-medium rounded-large transition-transform-background motion-reduce:transition-none max-w-[250px] bg-background-300 p-[10px]"
                  tabindex="-1"
                >
                  <div
                    class="flex z-10 w-full justify-start items-center shrink-0 overflow-inherit color-inherit subpixel-antialiased rounded-t-large p-0"
                  >
                    <p
                      class="text-foreground-200 text-base font-medium"
                    >
                      Expense Analysis
                    </p>
                  </div>
                  <div
                    class="mt-2 flex gap-4"
                  >
                    <div
                      class="grid grid-cols-2 content-center gap-x-5 gap-y-3"
                    >
                      <div
                        class="flex h-3 items-center gap-[5px]"
                      >
                        <div
                          class="h-[8px] w-[8px] rounded-full bg-[#8AB17D]"
                        />
                        <p
                          class="text-primary-200 font-medium text-2xs text-white opacity-50"
                        >
                          Amazon
                        </p>
                      </div>
                      <div
                        class="flex h-3 items-center gap-[5px]"
                      >
                        <div
                          class="h-[8px] w-[8px] rounded-full bg-[#2A9D8F]"
                        />
                        <p
                          class="text-primary-200 font-medium text-2xs text-white opacity-50"
                        >
                          Netflix
                        </p>
                      </div>
                      <div
                        class="flex h-3 items-center gap-[5px]"
                      >
                        <div
                          class="h-[8px] w-[8px] rounded-full bg-[#F4A261]"
                        />
                        <p
                          class="text-primary-200 font-medium text-2xs text-white opacity-50"
                        >
                          Apple
                        </p>
                      </div>
                      <div
                        class="flex h-3 items-center gap-[5px]"
                      >
                        <div
                          class="h-[8px] w-[8px] rounded-full bg-[#E9C46A]"
                        />
                        <p
                          class="text-primary-200 font-medium text-2xs text-white opacity-50"
                        >
                          Figma
                        </p>
                      </div>
                    </div>
                  </div>
                </div>
              </div>
            </div>
          </div>
          <div
            style="border: 0px; clipPath: inset(50%); height: 1px; margin: -1px; overflow: hidden; padding: 0px; position: absolute; width: 1px; white-space: nowrap;"
          >
            <button
              aria-label="Dismiss"
              id="react-aria-:r9:"
              style="width: 1px; height: 1px;"
              tabindex="-1"
            />
          </div>
        </section>
      </div>
    </div>
    <span
      aria-hidden="true"
      data-focus-scope-end="true"
      hidden=""
    />
  </body>,
  "container": <div
    aria-hidden="true"
  />,
  "debug": [Function],
  "findAllByAltText": [Function],
  "findAllByDisplayValue": [Function],
  "findAllByLabelText": [Function],
  "findAllByPlaceholderText": [Function],
  "findAllByRole": [Function],
  "findAllByTestId": [Function],
  "findAllByText": [Function],
  "findAllByTitle": [Function],
  "findByAltText": [Function],
  "findByDisplayValue": [Function],
  "findByLabelText": [Function],
  "findByPlaceholderText": [Function],
  "findByRole": [Function],
  "findByTestId": [Function],
  "findByText": [Function],
  "findByTitle": [Function],
  "getAllByAltText": [Function],
  "getAllByDisplayValue": [Function],
  "getAllByLabelText": [Function],
  "getAllByPlaceholderText": [Function],
  "getAllByRole": [Function],
  "getAllByTestId": [Function],
  "getAllByText": [Function],
  "getAllByTitle": [Function],
  "getByAltText": [Function],
  "getByDisplayValue": [Function],
  "getByLabelText": [Function],
  "getByPlaceholderText": [Function],
  "getByRole": [Function],
  "getByTestId": [Function],
  "getByText": [Function],
  "getByTitle": [Function],
  "queryAllByAltText": [Function],
  "queryAllByDisplayValue": [Function],
  "queryAllByLabelText": [Function],
  "queryAllByPlaceholderText": [Function],
  "queryAllByRole": [Function],
  "queryAllByTestId": [Function],
  "queryAllByText": [Function],
  "queryAllByTitle": [Function],
  "queryByAltText": [Function],
  "queryByDisplayValue": [Function],
  "queryByLabelText": [Function],
  "queryByPlaceholderText": [Function],
  "queryByRole": [Function],
  "queryByTestId": [Function],
  "queryByText": [Function],
  "queryByTitle": [Function],
  "rerender": [Function],
  "unmount": [Function],
}
`;

exports[`BalanceModal component Should render snapshot when is open false 1`] = `[Function]`;
