// Jest Snapshot v1, https://goo.gl/fbAQLP

exports[`PasswordTab Should renders snapshot correctly 1`] = `
{
  "asFragment": [Function],
  "baseElement": <body>
    <div>
      <form
        class="space-y-5"
      >
        <span
          class="text-primary-200 mb-[26px] text-sm font-semibold text-navyBlue"
        >
          Change Password
        </span>
        <div
          class="flex w-full max-w-[680px] flex-col gap-8"
        >
          <div
            class="group flex flex-col data-[hidden=true]:hidden w-full relative justify-end data-[has-label=true]:mt-[calc(theme(fontSize.small)_+_10px)]"
            data-filled="true"
            data-filled-within="true"
            data-has-elements="true"
            data-has-label="true"
            data-slot="base"
          >
            <div
              class="h-full flex flex-col"
              data-slot="main-wrapper"
            >
              <div
                class="relative w-full inline-flex tap-highlight-transparent flex-row items-center shadow-sm px-3 gap-3 bg-default-100 data-[hover=true]:bg-default-200 group-data-[focus=true]:bg-default-100 h-10 min-h-10 transition-background motion-reduce:transition-none !duration-150 outline-none group-data-[focus-visible=true]:z-10 group-data-[focus-visible=true]:ring-2 group-data-[focus-visible=true]:ring-focus group-data-[focus-visible=true]:ring-offset-2 group-data-[focus-visible=true]:ring-offset-background !bg-inherit border border-primary-200 group-data-[focus=true]:border-primary-200 data-[hover=true]:border-secondary-200 data-[hover=true]:!bg-inherit group-data-[invalid=true]:!border-warning rounded-md"
                data-slot="input-wrapper"
                style="cursor: text;"
              >
                <label
                  class="absolute pointer-events-none origin-top-left rtl:origin-top-right subpixel-antialiased block text-foreground-500 will-change-auto !duration-200 !ease-out motion-reduce:transition-none transition-[transform,color,left,opacity] group-data-[filled-within=true]:text-foreground group-data-[filled-within=true]:pointer-events-auto pb-0 z-20 top-1/2 -translate-y-1/2 group-data-[filled-within=true]:start-0 start-3 end-auto group-data-[filled-within=true]:-translate-y-[calc(100%_+_theme(fontSize.small)/2_+_20px)] pe-2 max-w-full text-ellipsis overflow-hidden group-data-[invalid=true]:!text-primary-200 font-normal text-xs !text-black opacity-100"
                  data-slot="label"
                  for="react-aria-:r0:"
                  id="react-aria-:r1:"
                >
                  Current Password
                </label>
                <div
                  class="inline-flex w-full items-center h-full box-border"
                  data-slot="inner-wrapper"
                >
                  <input
                    aria-label="current password"
                    aria-labelledby="react-aria-:r0: react-aria-:r1:"
                    class="font-normal bg-transparent !outline-none focus-visible:outline-none data-[has-start-content=true]:ps-1.5 data-[has-end-content=true]:pe-1.5 file:cursor-pointer file:bg-transparent file:border-0 autofill:bg-transparent bg-clip-text group-data-[has-value=true]:text-default-foreground !text-foreground-100 placeholder:text-foreground-100 w-full h-10 py-2.5 m-0 text-sm"
                    data-has-end-content="true"
                    data-slot="input"
                    id="react-aria-:r0:"
                    name="currentPassword"
                    placeholder=" "
                    type="password"
                    value=""
                  />
                  <button
                    aria-label="show password button"
                    class="text-primary-200"
                    type="button"
                  >
                    <svg
                      fill="none"
                      height="18"
                      viewBox="0 0 18 18"
                      width="18"
                      xmlns="http://www.w3.org/2000/svg"
                    >
                      <path
                        d="M16.4402 8.7C14.9252 5.1825 12.0752 3 9.00017 3C5.92517 3 3.07517 5.1825 1.56017 8.7C1.51887 8.79462 1.49756 8.89676 1.49756 9C1.49756 9.10324 1.51887 9.20538 1.56017 9.3C3.07517 12.8175 5.92517 15 9.00017 15C12.0752 15 14.9252 12.8175 16.4402 9.3C16.4815 9.20538 16.5028 9.10324 16.5028 9C16.5028 8.89676 16.4815 8.79462 16.4402 8.7ZM9.00017 13.5C6.62267 13.5 4.37267 11.7825 3.07517 9C4.37267 6.2175 6.62267 4.5 9.00017 4.5C11.3777 4.5 13.6277 6.2175 14.9252 9C13.6277 11.7825 11.3777 13.5 9.00017 13.5ZM9.00017 6C8.40683 6 7.82681 6.17595 7.33346 6.50559C6.84011 6.83524 6.4556 7.30377 6.22853 7.85195C6.00147 8.40013 5.94206 9.00333 6.05782 9.58527C6.17357 10.1672 6.45929 10.7018 6.87885 11.1213C7.29841 11.5409 7.83296 11.8266 8.4149 11.9424C8.99684 12.0581 9.60004 11.9987 10.1482 11.7716C10.6964 11.5446 11.1649 11.1601 11.4946 10.6667C11.8242 10.1734 12.0002 9.59334 12.0002 9C12.0002 8.20435 11.6841 7.44129 11.1215 6.87868C10.5589 6.31607 9.79582 6 9.00017 6ZM9.00017 10.5C8.7035 10.5 8.41349 10.412 8.16682 10.2472C7.92014 10.0824 7.72788 9.84811 7.61435 9.57403C7.50082 9.29994 7.47112 8.99834 7.52899 8.70736C7.58687 8.41639 7.72973 8.14912 7.93951 7.93934C8.14929 7.72956 8.41657 7.5867 8.70754 7.52882C8.99851 7.47094 9.30011 7.50065 9.5742 7.61418C9.84829 7.72771 10.0826 7.91997 10.2474 8.16665C10.4122 8.41332 10.5002 8.70333 10.5002 9C10.5002 9.39782 10.3421 9.77936 10.0608 10.0607C9.77953 10.342 9.398 10.5 9.00017 10.5Z"
                        fill="currentColor"
                      />
                    </svg>
                  </button>
                </div>
              </div>
            </div>
          </div>
          <div
            class="group flex flex-col data-[hidden=true]:hidden w-full relative justify-end data-[has-label=true]:mt-[calc(theme(fontSize.small)_+_10px)]"
            data-filled="true"
            data-filled-within="true"
            data-has-elements="true"
            data-has-label="true"
            data-slot="base"
          >
            <div
              class="h-full flex flex-col"
              data-slot="main-wrapper"
            >
              <div
                class="relative w-full inline-flex tap-highlight-transparent flex-row items-center shadow-sm px-3 gap-3 bg-default-100 data-[hover=true]:bg-default-200 group-data-[focus=true]:bg-default-100 h-10 min-h-10 transition-background motion-reduce:transition-none !duration-150 outline-none group-data-[focus-visible=true]:z-10 group-data-[focus-visible=true]:ring-2 group-data-[focus-visible=true]:ring-focus group-data-[focus-visible=true]:ring-offset-2 group-data-[focus-visible=true]:ring-offset-background !bg-inherit border border-primary-200 group-data-[focus=true]:border-primary-200 data-[hover=true]:border-secondary-200 data-[hover=true]:!bg-inherit group-data-[invalid=true]:!border-warning rounded-md"
                data-slot="input-wrapper"
                style="cursor: text;"
              >
                <label
                  class="absolute pointer-events-none origin-top-left rtl:origin-top-right subpixel-antialiased block text-foreground-500 will-change-auto !duration-200 !ease-out motion-reduce:transition-none transition-[transform,color,left,opacity] group-data-[filled-within=true]:text-foreground group-data-[filled-within=true]:pointer-events-auto pb-0 z-20 top-1/2 -translate-y-1/2 group-data-[filled-within=true]:start-0 start-3 end-auto group-data-[filled-within=true]:-translate-y-[calc(100%_+_theme(fontSize.small)/2_+_20px)] pe-2 max-w-full text-ellipsis overflow-hidden group-data-[invalid=true]:!text-primary-200 font-normal text-xs !text-black opacity-100"
                  data-slot="label"
                  for="react-aria-:r5:"
                  id="react-aria-:r6:"
                >
                  New Password
                </label>
                <div
                  class="inline-flex w-full items-center h-full box-border"
                  data-slot="inner-wrapper"
                >
                  <input
                    aria-label="password"
                    aria-labelledby="react-aria-:r5: react-aria-:r6:"
                    class="font-normal bg-transparent !outline-none focus-visible:outline-none data-[has-start-content=true]:ps-1.5 data-[has-end-content=true]:pe-1.5 file:cursor-pointer file:bg-transparent file:border-0 autofill:bg-transparent bg-clip-text group-data-[has-value=true]:text-default-foreground !text-foreground-100 placeholder:text-foreground-100 w-full h-10 py-2.5 m-0 text-sm"
                    data-has-end-content="true"
                    data-slot="input"
                    id="react-aria-:r5:"
                    name="newPassword"
                    placeholder=" "
                    type="password"
                    value=""
                  />
                  <button
                    aria-label="show password button"
                    class="text-primary-200"
                    type="button"
                  >
                    <svg
                      fill="none"
                      height="18"
                      viewBox="0 0 18 18"
                      width="18"
                      xmlns="http://www.w3.org/2000/svg"
                    >
                      <path
                        d="M16.4402 8.7C14.9252 5.1825 12.0752 3 9.00017 3C5.92517 3 3.07517 5.1825 1.56017 8.7C1.51887 8.79462 1.49756 8.89676 1.49756 9C1.49756 9.10324 1.51887 9.20538 1.56017 9.3C3.07517 12.8175 5.92517 15 9.00017 15C12.0752 15 14.9252 12.8175 16.4402 9.3C16.4815 9.20538 16.5028 9.10324 16.5028 9C16.5028 8.89676 16.4815 8.79462 16.4402 8.7ZM9.00017 13.5C6.62267 13.5 4.37267 11.7825 3.07517 9C4.37267 6.2175 6.62267 4.5 9.00017 4.5C11.3777 4.5 13.6277 6.2175 14.9252 9C13.6277 11.7825 11.3777 13.5 9.00017 13.5ZM9.00017 6C8.40683 6 7.82681 6.17595 7.33346 6.50559C6.84011 6.83524 6.4556 7.30377 6.22853 7.85195C6.00147 8.40013 5.94206 9.00333 6.05782 9.58527C6.17357 10.1672 6.45929 10.7018 6.87885 11.1213C7.29841 11.5409 7.83296 11.8266 8.4149 11.9424C8.99684 12.0581 9.60004 11.9987 10.1482 11.7716C10.6964 11.5446 11.1649 11.1601 11.4946 10.6667C11.8242 10.1734 12.0002 9.59334 12.0002 9C12.0002 8.20435 11.6841 7.44129 11.1215 6.87868C10.5589 6.31607 9.79582 6 9.00017 6ZM9.00017 10.5C8.7035 10.5 8.41349 10.412 8.16682 10.2472C7.92014 10.0824 7.72788 9.84811 7.61435 9.57403C7.50082 9.29994 7.47112 8.99834 7.52899 8.70736C7.58687 8.41639 7.72973 8.14912 7.93951 7.93934C8.14929 7.72956 8.41657 7.5867 8.70754 7.52882C8.99851 7.47094 9.30011 7.50065 9.5742 7.61418C9.84829 7.72771 10.0826 7.91997 10.2474 8.16665C10.4122 8.41332 10.5002 8.70333 10.5002 9C10.5002 9.39782 10.3421 9.77936 10.0608 10.0607C9.77953 10.342 9.398 10.5 9.00017 10.5Z"
                        fill="currentColor"
                      />
                    </svg>
                  </button>
                </div>
              </div>
            </div>
          </div>
          <div
            class="group flex flex-col data-[hidden=true]:hidden w-full relative justify-end data-[has-label=true]:mt-[calc(theme(fontSize.small)_+_10px)]"
            data-filled="true"
            data-filled-within="true"
            data-has-elements="true"
            data-has-label="true"
            data-slot="base"
          >
            <div
              class="h-full flex flex-col"
              data-slot="main-wrapper"
            >
              <div
                class="relative w-full inline-flex tap-highlight-transparent flex-row items-center shadow-sm px-3 gap-3 bg-default-100 data-[hover=true]:bg-default-200 group-data-[focus=true]:bg-default-100 h-10 min-h-10 transition-background motion-reduce:transition-none !duration-150 outline-none group-data-[focus-visible=true]:z-10 group-data-[focus-visible=true]:ring-2 group-data-[focus-visible=true]:ring-focus group-data-[focus-visible=true]:ring-offset-2 group-data-[focus-visible=true]:ring-offset-background !bg-inherit border border-primary-200 group-data-[focus=true]:border-primary-200 data-[hover=true]:border-secondary-200 data-[hover=true]:!bg-inherit group-data-[invalid=true]:!border-warning rounded-md"
                data-slot="input-wrapper"
                style="cursor: text;"
              >
                <label
                  class="absolute pointer-events-none origin-top-left rtl:origin-top-right subpixel-antialiased block text-foreground-500 will-change-auto !duration-200 !ease-out motion-reduce:transition-none transition-[transform,color,left,opacity] group-data-[filled-within=true]:text-foreground group-data-[filled-within=true]:pointer-events-auto pb-0 z-20 top-1/2 -translate-y-1/2 group-data-[filled-within=true]:start-0 start-3 end-auto group-data-[filled-within=true]:-translate-y-[calc(100%_+_theme(fontSize.small)/2_+_20px)] pe-2 max-w-full text-ellipsis overflow-hidden group-data-[invalid=true]:!text-primary-200 font-normal text-xs !text-black opacity-100"
                  data-slot="label"
                  for="react-aria-:ra:"
                  id="react-aria-:rb:"
                >
                  Confirm Password
                </label>
                <div
                  class="inline-flex w-full items-center h-full box-border"
                  data-slot="inner-wrapper"
                >
                  <input
                    aria-label="password"
                    aria-labelledby="react-aria-:ra: react-aria-:rb:"
                    class="font-normal bg-transparent !outline-none focus-visible:outline-none data-[has-start-content=true]:ps-1.5 data-[has-end-content=true]:pe-1.5 file:cursor-pointer file:bg-transparent file:border-0 autofill:bg-transparent bg-clip-text group-data-[has-value=true]:text-default-foreground !text-foreground-100 placeholder:text-foreground-100 w-full h-10 py-2.5 m-0 text-sm"
                    data-has-end-content="true"
                    data-slot="input"
                    id="react-aria-:ra:"
                    name="confirmPassword"
                    placeholder=" "
                    type="password"
                    value=""
                  />
                  <button
                    aria-label="show password button"
                    class="text-primary-200"
                    type="button"
                  >
                    <svg
                      fill="none"
                      height="18"
                      viewBox="0 0 18 18"
                      width="18"
                      xmlns="http://www.w3.org/2000/svg"
                    >
                      <path
                        d="M16.4402 8.7C14.9252 5.1825 12.0752 3 9.00017 3C5.92517 3 3.07517 5.1825 1.56017 8.7C1.51887 8.79462 1.49756 8.89676 1.49756 9C1.49756 9.10324 1.51887 9.20538 1.56017 9.3C3.07517 12.8175 5.92517 15 9.00017 15C12.0752 15 14.9252 12.8175 16.4402 9.3C16.4815 9.20538 16.5028 9.10324 16.5028 9C16.5028 8.89676 16.4815 8.79462 16.4402 8.7ZM9.00017 13.5C6.62267 13.5 4.37267 11.7825 3.07517 9C4.37267 6.2175 6.62267 4.5 9.00017 4.5C11.3777 4.5 13.6277 6.2175 14.9252 9C13.6277 11.7825 11.3777 13.5 9.00017 13.5ZM9.00017 6C8.40683 6 7.82681 6.17595 7.33346 6.50559C6.84011 6.83524 6.4556 7.30377 6.22853 7.85195C6.00147 8.40013 5.94206 9.00333 6.05782 9.58527C6.17357 10.1672 6.45929 10.7018 6.87885 11.1213C7.29841 11.5409 7.83296 11.8266 8.4149 11.9424C8.99684 12.0581 9.60004 11.9987 10.1482 11.7716C10.6964 11.5446 11.1649 11.1601 11.4946 10.6667C11.8242 10.1734 12.0002 9.59334 12.0002 9C12.0002 8.20435 11.6841 7.44129 11.1215 6.87868C10.5589 6.31607 9.79582 6 9.00017 6ZM9.00017 10.5C8.7035 10.5 8.41349 10.412 8.16682 10.2472C7.92014 10.0824 7.72788 9.84811 7.61435 9.57403C7.50082 9.29994 7.47112 8.99834 7.52899 8.70736C7.58687 8.41639 7.72973 8.14912 7.93951 7.93934C8.14929 7.72956 8.41657 7.5867 8.70754 7.52882C8.99851 7.47094 9.30011 7.50065 9.5742 7.61418C9.84829 7.72771 10.0826 7.91997 10.2474 8.16665C10.4122 8.41332 10.5002 8.70333 10.5002 9C10.5002 9.39782 10.3421 9.77936 10.0608 10.0607C9.77953 10.342 9.398 10.5 9.00017 10.5Z"
                        fill="currentColor"
                      />
                    </svg>
                  </button>
                </div>
              </div>
            </div>
          </div>
          <button
            class="z-0 group relative inline-flex items-center justify-center box-border appearance-none select-none whitespace-nowrap font-normal subpixel-antialiased overflow-hidden tap-highlight-transparent data-[pressed=true]:scale-[0.97] outline-none data-[focus-visible=true]:z-10 data-[focus-visible=true]:outline-2 data-[focus-visible=true]:outline-focus data-[focus-visible=true]:outline-offset-2 px-6 min-w-24 h-12 gap-3 opacity-disabled pointer-events-none [&>svg]:max-w-[theme(spacing.8)] transition-transform-colors-opacity motion-reduce:transition-none data-[hover=true]:opacity-hover border-transparent bg-navyBlue text-white rounded w-full max-h-10 py-2.5 text-sm leading-[20px] [&[data-loading=true]_.flex]:h-6 [&[data-loading=true]_.flex]:w-6"
            data-disabled="true"
            disabled=""
            type="submit"
          >
            Change Password
          </button>
        </div>
      </form>
    </div>
  </body>,
  "container": <div>
    <form
      class="space-y-5"
    >
      <span
        class="text-primary-200 mb-[26px] text-sm font-semibold text-navyBlue"
      >
        Change Password
      </span>
      <div
        class="flex w-full max-w-[680px] flex-col gap-8"
      >
        <div
          class="group flex flex-col data-[hidden=true]:hidden w-full relative justify-end data-[has-label=true]:mt-[calc(theme(fontSize.small)_+_10px)]"
          data-filled="true"
          data-filled-within="true"
          data-has-elements="true"
          data-has-label="true"
          data-slot="base"
        >
          <div
            class="h-full flex flex-col"
            data-slot="main-wrapper"
          >
            <div
              class="relative w-full inline-flex tap-highlight-transparent flex-row items-center shadow-sm px-3 gap-3 bg-default-100 data-[hover=true]:bg-default-200 group-data-[focus=true]:bg-default-100 h-10 min-h-10 transition-background motion-reduce:transition-none !duration-150 outline-none group-data-[focus-visible=true]:z-10 group-data-[focus-visible=true]:ring-2 group-data-[focus-visible=true]:ring-focus group-data-[focus-visible=true]:ring-offset-2 group-data-[focus-visible=true]:ring-offset-background !bg-inherit border border-primary-200 group-data-[focus=true]:border-primary-200 data-[hover=true]:border-secondary-200 data-[hover=true]:!bg-inherit group-data-[invalid=true]:!border-warning rounded-md"
              data-slot="input-wrapper"
              style="cursor: text;"
            >
              <label
                class="absolute pointer-events-none origin-top-left rtl:origin-top-right subpixel-antialiased block text-foreground-500 will-change-auto !duration-200 !ease-out motion-reduce:transition-none transition-[transform,color,left,opacity] group-data-[filled-within=true]:text-foreground group-data-[filled-within=true]:pointer-events-auto pb-0 z-20 top-1/2 -translate-y-1/2 group-data-[filled-within=true]:start-0 start-3 end-auto group-data-[filled-within=true]:-translate-y-[calc(100%_+_theme(fontSize.small)/2_+_20px)] pe-2 max-w-full text-ellipsis overflow-hidden group-data-[invalid=true]:!text-primary-200 font-normal text-xs !text-black opacity-100"
                data-slot="label"
                for="react-aria-:r0:"
                id="react-aria-:r1:"
              >
                Current Password
              </label>
              <div
                class="inline-flex w-full items-center h-full box-border"
                data-slot="inner-wrapper"
              >
                <input
                  aria-label="current password"
                  aria-labelledby="react-aria-:r0: react-aria-:r1:"
                  class="font-normal bg-transparent !outline-none focus-visible:outline-none data-[has-start-content=true]:ps-1.5 data-[has-end-content=true]:pe-1.5 file:cursor-pointer file:bg-transparent file:border-0 autofill:bg-transparent bg-clip-text group-data-[has-value=true]:text-default-foreground !text-foreground-100 placeholder:text-foreground-100 w-full h-10 py-2.5 m-0 text-sm"
                  data-has-end-content="true"
                  data-slot="input"
                  id="react-aria-:r0:"
                  name="currentPassword"
                  placeholder=" "
                  type="password"
                  value=""
                />
                <button
                  aria-label="show password button"
                  class="text-primary-200"
                  type="button"
                >
                  <svg
                    fill="none"
                    height="18"
                    viewBox="0 0 18 18"
                    width="18"
                    xmlns="http://www.w3.org/2000/svg"
                  >
                    <path
                      d="M16.4402 8.7C14.9252 5.1825 12.0752 3 9.00017 3C5.92517 3 3.07517 5.1825 1.56017 8.7C1.51887 8.79462 1.49756 8.89676 1.49756 9C1.49756 9.10324 1.51887 9.20538 1.56017 9.3C3.07517 12.8175 5.92517 15 9.00017 15C12.0752 15 14.9252 12.8175 16.4402 9.3C16.4815 9.20538 16.5028 9.10324 16.5028 9C16.5028 8.89676 16.4815 8.79462 16.4402 8.7ZM9.00017 13.5C6.62267 13.5 4.37267 11.7825 3.07517 9C4.37267 6.2175 6.62267 4.5 9.00017 4.5C11.3777 4.5 13.6277 6.2175 14.9252 9C13.6277 11.7825 11.3777 13.5 9.00017 13.5ZM9.00017 6C8.40683 6 7.82681 6.17595 7.33346 6.50559C6.84011 6.83524 6.4556 7.30377 6.22853 7.85195C6.00147 8.40013 5.94206 9.00333 6.05782 9.58527C6.17357 10.1672 6.45929 10.7018 6.87885 11.1213C7.29841 11.5409 7.83296 11.8266 8.4149 11.9424C8.99684 12.0581 9.60004 11.9987 10.1482 11.7716C10.6964 11.5446 11.1649 11.1601 11.4946 10.6667C11.8242 10.1734 12.0002 9.59334 12.0002 9C12.0002 8.20435 11.6841 7.44129 11.1215 6.87868C10.5589 6.31607 9.79582 6 9.00017 6ZM9.00017 10.5C8.7035 10.5 8.41349 10.412 8.16682 10.2472C7.92014 10.0824 7.72788 9.84811 7.61435 9.57403C7.50082 9.29994 7.47112 8.99834 7.52899 8.70736C7.58687 8.41639 7.72973 8.14912 7.93951 7.93934C8.14929 7.72956 8.41657 7.5867 8.70754 7.52882C8.99851 7.47094 9.30011 7.50065 9.5742 7.61418C9.84829 7.72771 10.0826 7.91997 10.2474 8.16665C10.4122 8.41332 10.5002 8.70333 10.5002 9C10.5002 9.39782 10.3421 9.77936 10.0608 10.0607C9.77953 10.342 9.398 10.5 9.00017 10.5Z"
                      fill="currentColor"
                    />
                  </svg>
                </button>
              </div>
            </div>
          </div>
        </div>
        <div
          class="group flex flex-col data-[hidden=true]:hidden w-full relative justify-end data-[has-label=true]:mt-[calc(theme(fontSize.small)_+_10px)]"
          data-filled="true"
          data-filled-within="true"
          data-has-elements="true"
          data-has-label="true"
          data-slot="base"
        >
          <div
            class="h-full flex flex-col"
            data-slot="main-wrapper"
          >
            <div
              class="relative w-full inline-flex tap-highlight-transparent flex-row items-center shadow-sm px-3 gap-3 bg-default-100 data-[hover=true]:bg-default-200 group-data-[focus=true]:bg-default-100 h-10 min-h-10 transition-background motion-reduce:transition-none !duration-150 outline-none group-data-[focus-visible=true]:z-10 group-data-[focus-visible=true]:ring-2 group-data-[focus-visible=true]:ring-focus group-data-[focus-visible=true]:ring-offset-2 group-data-[focus-visible=true]:ring-offset-background !bg-inherit border border-primary-200 group-data-[focus=true]:border-primary-200 data-[hover=true]:border-secondary-200 data-[hover=true]:!bg-inherit group-data-[invalid=true]:!border-warning rounded-md"
              data-slot="input-wrapper"
              style="cursor: text;"
            >
              <label
                class="absolute pointer-events-none origin-top-left rtl:origin-top-right subpixel-antialiased block text-foreground-500 will-change-auto !duration-200 !ease-out motion-reduce:transition-none transition-[transform,color,left,opacity] group-data-[filled-within=true]:text-foreground group-data-[filled-within=true]:pointer-events-auto pb-0 z-20 top-1/2 -translate-y-1/2 group-data-[filled-within=true]:start-0 start-3 end-auto group-data-[filled-within=true]:-translate-y-[calc(100%_+_theme(fontSize.small)/2_+_20px)] pe-2 max-w-full text-ellipsis overflow-hidden group-data-[invalid=true]:!text-primary-200 font-normal text-xs !text-black opacity-100"
                data-slot="label"
                for="react-aria-:r5:"
                id="react-aria-:r6:"
              >
                New Password
              </label>
              <div
                class="inline-flex w-full items-center h-full box-border"
                data-slot="inner-wrapper"
              >
                <input
                  aria-label="password"
                  aria-labelledby="react-aria-:r5: react-aria-:r6:"
                  class="font-normal bg-transparent !outline-none focus-visible:outline-none data-[has-start-content=true]:ps-1.5 data-[has-end-content=true]:pe-1.5 file:cursor-pointer file:bg-transparent file:border-0 autofill:bg-transparent bg-clip-text group-data-[has-value=true]:text-default-foreground !text-foreground-100 placeholder:text-foreground-100 w-full h-10 py-2.5 m-0 text-sm"
                  data-has-end-content="true"
                  data-slot="input"
                  id="react-aria-:r5:"
                  name="newPassword"
                  placeholder=" "
                  type="password"
                  value=""
                />
                <button
                  aria-label="show password button"
                  class="text-primary-200"
                  type="button"
                >
                  <svg
                    fill="none"
                    height="18"
                    viewBox="0 0 18 18"
                    width="18"
                    xmlns="http://www.w3.org/2000/svg"
                  >
                    <path
                      d="M16.4402 8.7C14.9252 5.1825 12.0752 3 9.00017 3C5.92517 3 3.07517 5.1825 1.56017 8.7C1.51887 8.79462 1.49756 8.89676 1.49756 9C1.49756 9.10324 1.51887 9.20538 1.56017 9.3C3.07517 12.8175 5.92517 15 9.00017 15C12.0752 15 14.9252 12.8175 16.4402 9.3C16.4815 9.20538 16.5028 9.10324 16.5028 9C16.5028 8.89676 16.4815 8.79462 16.4402 8.7ZM9.00017 13.5C6.62267 13.5 4.37267 11.7825 3.07517 9C4.37267 6.2175 6.62267 4.5 9.00017 4.5C11.3777 4.5 13.6277 6.2175 14.9252 9C13.6277 11.7825 11.3777 13.5 9.00017 13.5ZM9.00017 6C8.40683 6 7.82681 6.17595 7.33346 6.50559C6.84011 6.83524 6.4556 7.30377 6.22853 7.85195C6.00147 8.40013 5.94206 9.00333 6.05782 9.58527C6.17357 10.1672 6.45929 10.7018 6.87885 11.1213C7.29841 11.5409 7.83296 11.8266 8.4149 11.9424C8.99684 12.0581 9.60004 11.9987 10.1482 11.7716C10.6964 11.5446 11.1649 11.1601 11.4946 10.6667C11.8242 10.1734 12.0002 9.59334 12.0002 9C12.0002 8.20435 11.6841 7.44129 11.1215 6.87868C10.5589 6.31607 9.79582 6 9.00017 6ZM9.00017 10.5C8.7035 10.5 8.41349 10.412 8.16682 10.2472C7.92014 10.0824 7.72788 9.84811 7.61435 9.57403C7.50082 9.29994 7.47112 8.99834 7.52899 8.70736C7.58687 8.41639 7.72973 8.14912 7.93951 7.93934C8.14929 7.72956 8.41657 7.5867 8.70754 7.52882C8.99851 7.47094 9.30011 7.50065 9.5742 7.61418C9.84829 7.72771 10.0826 7.91997 10.2474 8.16665C10.4122 8.41332 10.5002 8.70333 10.5002 9C10.5002 9.39782 10.3421 9.77936 10.0608 10.0607C9.77953 10.342 9.398 10.5 9.00017 10.5Z"
                      fill="currentColor"
                    />
                  </svg>
                </button>
              </div>
            </div>
          </div>
        </div>
        <div
          class="group flex flex-col data-[hidden=true]:hidden w-full relative justify-end data-[has-label=true]:mt-[calc(theme(fontSize.small)_+_10px)]"
          data-filled="true"
          data-filled-within="true"
          data-has-elements="true"
          data-has-label="true"
          data-slot="base"
        >
          <div
            class="h-full flex flex-col"
            data-slot="main-wrapper"
          >
            <div
              class="relative w-full inline-flex tap-highlight-transparent flex-row items-center shadow-sm px-3 gap-3 bg-default-100 data-[hover=true]:bg-default-200 group-data-[focus=true]:bg-default-100 h-10 min-h-10 transition-background motion-reduce:transition-none !duration-150 outline-none group-data-[focus-visible=true]:z-10 group-data-[focus-visible=true]:ring-2 group-data-[focus-visible=true]:ring-focus group-data-[focus-visible=true]:ring-offset-2 group-data-[focus-visible=true]:ring-offset-background !bg-inherit border border-primary-200 group-data-[focus=true]:border-primary-200 data-[hover=true]:border-secondary-200 data-[hover=true]:!bg-inherit group-data-[invalid=true]:!border-warning rounded-md"
              data-slot="input-wrapper"
              style="cursor: text;"
            >
              <label
                class="absolute pointer-events-none origin-top-left rtl:origin-top-right subpixel-antialiased block text-foreground-500 will-change-auto !duration-200 !ease-out motion-reduce:transition-none transition-[transform,color,left,opacity] group-data-[filled-within=true]:text-foreground group-data-[filled-within=true]:pointer-events-auto pb-0 z-20 top-1/2 -translate-y-1/2 group-data-[filled-within=true]:start-0 start-3 end-auto group-data-[filled-within=true]:-translate-y-[calc(100%_+_theme(fontSize.small)/2_+_20px)] pe-2 max-w-full text-ellipsis overflow-hidden group-data-[invalid=true]:!text-primary-200 font-normal text-xs !text-black opacity-100"
                data-slot="label"
                for="react-aria-:ra:"
                id="react-aria-:rb:"
              >
                Confirm Password
              </label>
              <div
                class="inline-flex w-full items-center h-full box-border"
                data-slot="inner-wrapper"
              >
                <input
                  aria-label="password"
                  aria-labelledby="react-aria-:ra: react-aria-:rb:"
                  class="font-normal bg-transparent !outline-none focus-visible:outline-none data-[has-start-content=true]:ps-1.5 data-[has-end-content=true]:pe-1.5 file:cursor-pointer file:bg-transparent file:border-0 autofill:bg-transparent bg-clip-text group-data-[has-value=true]:text-default-foreground !text-foreground-100 placeholder:text-foreground-100 w-full h-10 py-2.5 m-0 text-sm"
                  data-has-end-content="true"
                  data-slot="input"
                  id="react-aria-:ra:"
                  name="confirmPassword"
                  placeholder=" "
                  type="password"
                  value=""
                />
                <button
                  aria-label="show password button"
                  class="text-primary-200"
                  type="button"
                >
                  <svg
                    fill="none"
                    height="18"
                    viewBox="0 0 18 18"
                    width="18"
                    xmlns="http://www.w3.org/2000/svg"
                  >
                    <path
                      d="M16.4402 8.7C14.9252 5.1825 12.0752 3 9.00017 3C5.92517 3 3.07517 5.1825 1.56017 8.7C1.51887 8.79462 1.49756 8.89676 1.49756 9C1.49756 9.10324 1.51887 9.20538 1.56017 9.3C3.07517 12.8175 5.92517 15 9.00017 15C12.0752 15 14.9252 12.8175 16.4402 9.3C16.4815 9.20538 16.5028 9.10324 16.5028 9C16.5028 8.89676 16.4815 8.79462 16.4402 8.7ZM9.00017 13.5C6.62267 13.5 4.37267 11.7825 3.07517 9C4.37267 6.2175 6.62267 4.5 9.00017 4.5C11.3777 4.5 13.6277 6.2175 14.9252 9C13.6277 11.7825 11.3777 13.5 9.00017 13.5ZM9.00017 6C8.40683 6 7.82681 6.17595 7.33346 6.50559C6.84011 6.83524 6.4556 7.30377 6.22853 7.85195C6.00147 8.40013 5.94206 9.00333 6.05782 9.58527C6.17357 10.1672 6.45929 10.7018 6.87885 11.1213C7.29841 11.5409 7.83296 11.8266 8.4149 11.9424C8.99684 12.0581 9.60004 11.9987 10.1482 11.7716C10.6964 11.5446 11.1649 11.1601 11.4946 10.6667C11.8242 10.1734 12.0002 9.59334 12.0002 9C12.0002 8.20435 11.6841 7.44129 11.1215 6.87868C10.5589 6.31607 9.79582 6 9.00017 6ZM9.00017 10.5C8.7035 10.5 8.41349 10.412 8.16682 10.2472C7.92014 10.0824 7.72788 9.84811 7.61435 9.57403C7.50082 9.29994 7.47112 8.99834 7.52899 8.70736C7.58687 8.41639 7.72973 8.14912 7.93951 7.93934C8.14929 7.72956 8.41657 7.5867 8.70754 7.52882C8.99851 7.47094 9.30011 7.50065 9.5742 7.61418C9.84829 7.72771 10.0826 7.91997 10.2474 8.16665C10.4122 8.41332 10.5002 8.70333 10.5002 9C10.5002 9.39782 10.3421 9.77936 10.0608 10.0607C9.77953 10.342 9.398 10.5 9.00017 10.5Z"
                      fill="currentColor"
                    />
                  </svg>
                </button>
              </div>
            </div>
          </div>
        </div>
        <button
          class="z-0 group relative inline-flex items-center justify-center box-border appearance-none select-none whitespace-nowrap font-normal subpixel-antialiased overflow-hidden tap-highlight-transparent data-[pressed=true]:scale-[0.97] outline-none data-[focus-visible=true]:z-10 data-[focus-visible=true]:outline-2 data-[focus-visible=true]:outline-focus data-[focus-visible=true]:outline-offset-2 px-6 min-w-24 h-12 gap-3 opacity-disabled pointer-events-none [&>svg]:max-w-[theme(spacing.8)] transition-transform-colors-opacity motion-reduce:transition-none data-[hover=true]:opacity-hover border-transparent bg-navyBlue text-white rounded w-full max-h-10 py-2.5 text-sm leading-[20px] [&[data-loading=true]_.flex]:h-6 [&[data-loading=true]_.flex]:w-6"
          data-disabled="true"
          disabled=""
          type="submit"
        >
          Change Password
        </button>
      </div>
    </form>
  </div>,
  "debug": [Function],
  "findAllByAltText": [Function],
  "findAllByDisplayValue": [Function],
  "findAllByLabelText": [Function],
  "findAllByPlaceholderText": [Function],
  "findAllByRole": [Function],
  "findAllByTestId": [Function],
  "findAllByText": [Function],
  "findAllByTitle": [Function],
  "findByAltText": [Function],
  "findByDisplayValue": [Function],
  "findByLabelText": [Function],
  "findByPlaceholderText": [Function],
  "findByRole": [Function],
  "findByTestId": [Function],
  "findByText": [Function],
  "findByTitle": [Function],
  "getAllByAltText": [Function],
  "getAllByDisplayValue": [Function],
  "getAllByLabelText": [Function],
  "getAllByPlaceholderText": [Function],
  "getAllByRole": [Function],
  "getAllByTestId": [Function],
  "getAllByText": [Function],
  "getAllByTitle": [Function],
  "getByAltText": [Function],
  "getByDisplayValue": [Function],
  "getByLabelText": [Function],
  "getByPlaceholderText": [Function],
  "getByRole": [Function],
  "getByTestId": [Function],
  "getByText": [Function],
  "getByTitle": [Function],
  "queryAllByAltText": [Function],
  "queryAllByDisplayValue": [Function],
  "queryAllByLabelText": [Function],
  "queryAllByPlaceholderText": [Function],
  "queryAllByRole": [Function],
  "queryAllByTestId": [Function],
  "queryAllByText": [Function],
  "queryAllByTitle": [Function],
  "queryByAltText": [Function],
  "queryByDisplayValue": [Function],
  "queryByLabelText": [Function],
  "queryByPlaceholderText": [Function],
  "queryByRole": [Function],
  "queryByTestId": [Function],
  "queryByText": [Function],
  "queryByTitle": [Function],
  "rerender": [Function],
  "unmount": [Function],
}
`;
