// Jest Snapshot v1, https://goo.gl/fbAQLP

exports[`AddCreditCard Component Should renders snapshot correctly 1`] = `
{
  "asFragment": [Function],
  "baseElement": <body>
    <div>
      <div
        class="mb-10 flex w-full flex-col gap-4 bg-white"
      >
        <div
          class="flex flex-col gap-2"
        >
          <span
            class="text-foreground-100 text-base font-medium"
          >
            Add Credit Card
          </span>
          <span
            class="text-foreground-100 text-2xs font-normal"
          >
            Please fill the details below
          </span>
        </div>
        <div
          class="group flex flex-col data-[hidden=true]:hidden w-full relative justify-end data-[has-label=true]:mt-[calc(theme(fontSize.small)_+_10px)]"
          data-filled="true"
          data-filled-within="true"
          data-has-elements="true"
          data-has-label="true"
          data-slot="base"
        >
          <div
            class="h-full flex flex-col"
            data-slot="main-wrapper"
          >
            <div
              class="relative w-full inline-flex tap-highlight-transparent flex-row items-center shadow-sm px-3 gap-3 bg-default-100 data-[hover=true]:bg-default-200 group-data-[focus=true]:bg-default-100 h-10 min-h-10 transition-background motion-reduce:transition-none !duration-150 outline-none group-data-[focus-visible=true]:z-10 group-data-[focus-visible=true]:ring-2 group-data-[focus-visible=true]:ring-focus group-data-[focus-visible=true]:ring-offset-2 group-data-[focus-visible=true]:ring-offset-background !bg-inherit border border-primary-200 group-data-[focus=true]:border-primary-200 data-[hover=true]:border-secondary-200 data-[hover=true]:!bg-inherit group-data-[invalid=true]:!border-warning rounded-md"
              data-slot="input-wrapper"
              style="cursor: text;"
            >
              <label
                class="absolute pointer-events-none origin-top-left rtl:origin-top-right subpixel-antialiased block text-foreground-500 will-change-auto !duration-200 !ease-out motion-reduce:transition-none transition-[transform,color,left,opacity] group-data-[filled-within=true]:text-foreground group-data-[filled-within=true]:pointer-events-auto pb-0 z-20 top-1/2 -translate-y-1/2 group-data-[filled-within=true]:start-0 start-3 end-auto group-data-[filled-within=true]:-translate-y-[calc(100%_+_theme(fontSize.small)/2_+_20px)] pe-2 max-w-full text-ellipsis overflow-hidden !text-primary-200 text-sm font-medium opacity-50 group-data-[invalid=true]:!text-primary-200"
                data-slot="label"
                for="react-aria-:r0:"
                id="react-aria-:r1:"
              >
                Full Name
              </label>
              <div
                class="inline-flex w-full items-center h-full box-border"
                data-slot="inner-wrapper"
              >
                <input
                  aria-label="Full Name"
                  aria-labelledby="react-aria-:r0: react-aria-:r1:"
                  class="font-normal bg-transparent !outline-none focus-visible:outline-none data-[has-start-content=true]:ps-1.5 data-[has-end-content=true]:pe-1.5 file:cursor-pointer file:bg-transparent file:border-0 autofill:bg-transparent bg-clip-text group-data-[has-value=true]:text-default-foreground !text-foreground-100 placeholder:text-foreground-100 text-sm leading-[20px] w-full h-10 py-2.5 mx-2"
                  data-slot="input"
                  id="react-aria-:r0:"
                  placeholder="Full Name"
                  type="text"
                  value=""
                />
              </div>
            </div>
          </div>
        </div>
        <div
          class="group flex flex-col data-[hidden=true]:hidden w-full relative justify-end data-[has-label=true]:mt-[calc(theme(fontSize.small)_+_10px)] is-filled"
          data-filled="true"
          data-filled-within="true"
          data-has-elements="true"
          data-has-label="true"
          data-has-value="true"
          data-slot="base"
        >
          <div
            class="h-full flex flex-col"
            data-slot="main-wrapper"
          >
            <div
              class="relative w-full inline-flex tap-highlight-transparent flex-row items-center shadow-sm px-3 gap-3 bg-default-100 data-[hover=true]:bg-default-200 group-data-[focus=true]:bg-default-100 h-10 min-h-10 transition-background motion-reduce:transition-none !duration-150 outline-none group-data-[focus-visible=true]:z-10 group-data-[focus-visible=true]:ring-2 group-data-[focus-visible=true]:ring-focus group-data-[focus-visible=true]:ring-offset-2 group-data-[focus-visible=true]:ring-offset-background !bg-inherit border border-primary-200 group-data-[focus=true]:border-primary-200 data-[hover=true]:border-secondary-200 data-[hover=true]:!bg-inherit group-data-[invalid=true]:!border-warning rounded-md is-filled"
              data-slot="input-wrapper"
              style="cursor: text;"
            >
              <label
                class="absolute pointer-events-none origin-top-left rtl:origin-top-right subpixel-antialiased block text-foreground-500 will-change-auto !duration-200 !ease-out motion-reduce:transition-none transition-[transform,color,left,opacity] group-data-[filled-within=true]:text-foreground group-data-[filled-within=true]:pointer-events-auto pb-0 z-20 top-1/2 -translate-y-1/2 group-data-[filled-within=true]:start-0 start-3 end-auto group-data-[filled-within=true]:-translate-y-[calc(100%_+_theme(fontSize.small)/2_+_20px)] pe-2 max-w-full text-ellipsis overflow-hidden !text-primary-200 text-sm font-medium opacity-50 group-data-[invalid=true]:!text-primary-200"
                data-slot="label"
                for="react-aria-:r5:"
                id="react-aria-:r6:"
              >
                Credit Card Number
              </label>
              <div
                class="inline-flex w-full items-center h-full box-border"
                data-slot="inner-wrapper"
              >
                <input
                  aria-label="cardNumber"
                  aria-labelledby="react-aria-:r5: react-aria-:r6:"
                  class="font-normal bg-transparent !outline-none focus-visible:outline-none data-[has-start-content=true]:ps-1.5 data-[has-end-content=true]:pe-1.5 file:cursor-pointer file:bg-transparent file:border-0 autofill:bg-transparent bg-clip-text group-data-[has-value=true]:text-default-foreground !text-foreground-100 placeholder:text-foreground-100 text-sm leading-[20px] w-full h-10 py-2.5 mx-2 is-filled"
                  data-filled="true"
                  data-filled-within="true"
                  data-has-end-content="true"
                  data-slot="input"
                  id="react-aria-:r5:"
                  maxlength="14"
                  placeholder="Card Number"
                  type="text"
                  value="1234 5678 9876"
                />
                <svg
                  fill="none"
                  height="16"
                  viewBox="0 0 16 16"
                  width="16"
                  xmlns="http://www.w3.org/2000/svg"
                >
                  <path
                    d="M14 2.66675H1.99996C1.26358 2.66675 0.666626 3.2637 0.666626 4.00008V12.0001C0.666626 12.7365 1.26358 13.3334 1.99996 13.3334H14C14.7363 13.3334 15.3333 12.7365 15.3333 12.0001V4.00008C15.3333 3.2637 14.7363 2.66675 14 2.66675Z"
                    stroke="currentColor"
                    stroke-linecap="round"
                    stroke-linejoin="round"
                    stroke-width="1.33333"
                  />
                  <path
                    d="M0.666626 6.66675H15.3333"
                    stroke="black"
                    stroke-linecap="round"
                    stroke-linejoin="round"
                    stroke-width="1.33333"
                  />
                </svg>
              </div>
            </div>
          </div>
        </div>
        <div
          class="flex gap-5"
        >
          <div
            class="relative w-[50%]"
          >
            <p
              class="text-primary-200 text-sm font-medium mb-2 leading-4 text-primary-200 opacity-50"
            >
              Expire Date
            </p>
            <div
              class="group flex flex-col data-[hidden=true]:hidden w-full relative justify-end data-[has-label=true]:mt-[calc(theme(fontSize.small)_+_10px)]"
              data-filled="true"
              data-filled-within="true"
              data-slot="base"
            >
              <div
                class="h-full flex flex-col"
                data-slot="main-wrapper"
              >
                <div
                  class="relative w-full inline-flex tap-highlight-transparent flex-row items-center shadow-sm px-3 gap-3 bg-default-100 data-[hover=true]:bg-default-200 group-data-[focus=true]:bg-default-100 h-10 min-h-10 transition-background motion-reduce:transition-none !duration-150 outline-none group-data-[focus-visible=true]:z-10 group-data-[focus-visible=true]:ring-2 group-data-[focus-visible=true]:ring-focus group-data-[focus-visible=true]:ring-offset-2 group-data-[focus-visible=true]:ring-offset-background !bg-inherit border border-primary-200 group-data-[focus=true]:border-primary-200 data-[hover=true]:border-secondary-200 data-[hover=true]:!bg-inherit group-data-[invalid=true]:!border-warning rounded-md"
                  data-slot="input-wrapper"
                  style="cursor: text;"
                >
                  <div
                    class="inline-flex w-full items-center h-full box-border"
                    data-slot="inner-wrapper"
                  >
                    <button
                      aria-label="Toggle Date Month Picker"
                      class="z-0 group relative items-center justify-center box-border appearance-none select-none whitespace-nowrap font-normal subpixel-antialiased overflow-hidden tap-highlight-transparent data-[pressed=true]:scale-[0.97] outline-none data-[focus-visible=true]:z-10 data-[focus-visible=true]:outline-2 data-[focus-visible=true]:outline-focus data-[focus-visible=true]:outline-offset-2 h-12 gap-3 [&>svg]:max-w-[theme(spacing.8)] transition-transform-colors-opacity motion-reduce:transition-none data-[hover=true]:opacity-hover border-transparent bg-none rounded-3xl max-h-10 text-sm leading-[20px] inline-block w-4 min-w-4 border-none p-0 text-current"
                      type="button"
                    >
                      <svg
                        fill="none"
                        height="16"
                        viewBox="0 0 16 16"
                        width="16"
                        xmlns="http://www.w3.org/2000/svg"
                      >
                        <path
                          d="M12.6667 2.66675H3.33333C2.59695 2.66675 2 3.2637 2 4.00008V13.3334C2 14.0698 2.59695 14.6667 3.33333 14.6667H12.6667C13.403 14.6667 14 14.0698 14 13.3334V4.00008C14 3.2637 13.403 2.66675 12.6667 2.66675Z"
                          stroke="currentColor"
                          stroke-linecap="round"
                          stroke-linejoin="round"
                          stroke-width="1.33333"
                        />
                        <path
                          d="M2 6.66675H14"
                          stroke="black"
                          stroke-linecap="round"
                          stroke-linejoin="round"
                          stroke-width="1.33333"
                        />
                        <path
                          d="M10.6666 1.33325V3.99992"
                          stroke="black"
                          stroke-linecap="round"
                          stroke-linejoin="round"
                          stroke-width="1.33333"
                        />
                        <path
                          d="M5.33337 1.33325V3.99992"
                          stroke="black"
                          stroke-linecap="round"
                          stroke-linejoin="round"
                          stroke-width="1.33333"
                        />
                      </svg>
                    </button>
                    <input
                      aria-label="MM/YY"
                      class="font-normal bg-transparent !outline-none focus-visible:outline-none data-[has-start-content=true]:ps-1.5 data-[has-end-content=true]:pe-1.5 file:cursor-pointer file:bg-transparent file:border-0 autofill:bg-transparent bg-clip-text group-data-[has-value=true]:text-default-foreground !text-foreground-100 placeholder:text-foreground-100 text-sm leading-[20px] w-full h-10 py-2.5 mx-2"
                      data-has-start-content="true"
                      data-slot="input"
                      id="react-aria-:ra:"
                      placeholder="MM/YY"
                      readonly=""
                      type="text"
                      value=""
                    />
                  </div>
                </div>
              </div>
            </div>
          </div>
          <div
            class="group flex flex-col data-[hidden=true]:hidden relative justify-end data-[has-label=true]:mt-[calc(theme(fontSize.small)_+_10px)] w-[50%]"
            data-filled="true"
            data-filled-within="true"
            data-has-elements="true"
            data-has-label="true"
            data-slot="base"
          >
            <div
              class="h-full flex flex-col"
              data-slot="main-wrapper"
            >
              <div
                class="relative w-full inline-flex tap-highlight-transparent flex-row items-center shadow-sm px-3 gap-3 bg-default-100 data-[hover=true]:bg-default-200 group-data-[focus=true]:bg-default-100 h-10 min-h-10 transition-background motion-reduce:transition-none !duration-150 outline-none group-data-[focus-visible=true]:z-10 group-data-[focus-visible=true]:ring-2 group-data-[focus-visible=true]:ring-focus group-data-[focus-visible=true]:ring-offset-2 group-data-[focus-visible=true]:ring-offset-background !bg-inherit border border-primary-200 group-data-[focus=true]:border-primary-200 data-[hover=true]:border-secondary-200 data-[hover=true]:!bg-inherit group-data-[invalid=true]:!border-warning rounded-md"
                data-slot="input-wrapper"
                style="cursor: text;"
              >
                <label
                  class="absolute pointer-events-none origin-top-left rtl:origin-top-right subpixel-antialiased block text-foreground-500 will-change-auto !duration-200 !ease-out motion-reduce:transition-none transition-[transform,color,left,opacity] group-data-[filled-within=true]:text-foreground group-data-[filled-within=true]:pointer-events-auto pb-0 z-20 top-1/2 -translate-y-1/2 group-data-[filled-within=true]:start-0 start-3 end-auto group-data-[filled-within=true]:-translate-y-[calc(100%_+_theme(fontSize.small)/2_+_20px)] pe-2 max-w-full text-ellipsis overflow-hidden !text-primary-200 text-sm font-medium opacity-50 group-data-[invalid=true]:!text-primary-200"
                  data-slot="label"
                  for="react-aria-:rf:"
                  id="react-aria-:rg:"
                >
                  CCV
                </label>
                <div
                  class="inline-flex w-full items-center h-full box-border"
                  data-slot="inner-wrapper"
                >
                  <input
                    aria-label="ccv"
                    aria-labelledby="react-aria-:rf: react-aria-:rg:"
                    class="font-normal bg-transparent !outline-none focus-visible:outline-none data-[has-start-content=true]:ps-1.5 data-[has-end-content=true]:pe-1.5 file:cursor-pointer file:bg-transparent file:border-0 autofill:bg-transparent bg-clip-text group-data-[has-value=true]:text-default-foreground !text-foreground-100 placeholder:text-foreground-100 text-sm leading-[20px] w-full h-10 py-2.5 mx-2"
                    data-slot="input"
                    id="react-aria-:rf:"
                    maxlength="3"
                    placeholder="000"
                    type="string"
                    value=""
                  />
                </div>
              </div>
            </div>
          </div>
        </div>
      </div>
      <button
        class="z-0 group relative inline-flex items-center justify-center box-border appearance-none select-none whitespace-nowrap font-normal subpixel-antialiased overflow-hidden tap-highlight-transparent data-[pressed=true]:scale-[0.97] outline-none data-[focus-visible=true]:z-10 data-[focus-visible=true]:outline-2 data-[focus-visible=true]:outline-focus data-[focus-visible=true]:outline-offset-2 px-6 min-w-24 h-12 gap-3 [&>svg]:max-w-[theme(spacing.8)] transition-transform-colors-opacity motion-reduce:transition-none data-[hover=true]:opacity-hover border-transparent bg-background-300 text-foreground-200 rounded-3xl w-full max-h-10 py-2.5 text-sm leading-[20px]"
        type="button"
      >
        Add Card
      </button>
    </div>
  </body>,
  "container": <div>
    <div
      class="mb-10 flex w-full flex-col gap-4 bg-white"
    >
      <div
        class="flex flex-col gap-2"
      >
        <span
          class="text-foreground-100 text-base font-medium"
        >
          Add Credit Card
        </span>
        <span
          class="text-foreground-100 text-2xs font-normal"
        >
          Please fill the details below
        </span>
      </div>
      <div
        class="group flex flex-col data-[hidden=true]:hidden w-full relative justify-end data-[has-label=true]:mt-[calc(theme(fontSize.small)_+_10px)]"
        data-filled="true"
        data-filled-within="true"
        data-has-elements="true"
        data-has-label="true"
        data-slot="base"
      >
        <div
          class="h-full flex flex-col"
          data-slot="main-wrapper"
        >
          <div
            class="relative w-full inline-flex tap-highlight-transparent flex-row items-center shadow-sm px-3 gap-3 bg-default-100 data-[hover=true]:bg-default-200 group-data-[focus=true]:bg-default-100 h-10 min-h-10 transition-background motion-reduce:transition-none !duration-150 outline-none group-data-[focus-visible=true]:z-10 group-data-[focus-visible=true]:ring-2 group-data-[focus-visible=true]:ring-focus group-data-[focus-visible=true]:ring-offset-2 group-data-[focus-visible=true]:ring-offset-background !bg-inherit border border-primary-200 group-data-[focus=true]:border-primary-200 data-[hover=true]:border-secondary-200 data-[hover=true]:!bg-inherit group-data-[invalid=true]:!border-warning rounded-md"
            data-slot="input-wrapper"
            style="cursor: text;"
          >
            <label
              class="absolute pointer-events-none origin-top-left rtl:origin-top-right subpixel-antialiased block text-foreground-500 will-change-auto !duration-200 !ease-out motion-reduce:transition-none transition-[transform,color,left,opacity] group-data-[filled-within=true]:text-foreground group-data-[filled-within=true]:pointer-events-auto pb-0 z-20 top-1/2 -translate-y-1/2 group-data-[filled-within=true]:start-0 start-3 end-auto group-data-[filled-within=true]:-translate-y-[calc(100%_+_theme(fontSize.small)/2_+_20px)] pe-2 max-w-full text-ellipsis overflow-hidden !text-primary-200 text-sm font-medium opacity-50 group-data-[invalid=true]:!text-primary-200"
              data-slot="label"
              for="react-aria-:r0:"
              id="react-aria-:r1:"
            >
              Full Name
            </label>
            <div
              class="inline-flex w-full items-center h-full box-border"
              data-slot="inner-wrapper"
            >
              <input
                aria-label="Full Name"
                aria-labelledby="react-aria-:r0: react-aria-:r1:"
                class="font-normal bg-transparent !outline-none focus-visible:outline-none data-[has-start-content=true]:ps-1.5 data-[has-end-content=true]:pe-1.5 file:cursor-pointer file:bg-transparent file:border-0 autofill:bg-transparent bg-clip-text group-data-[has-value=true]:text-default-foreground !text-foreground-100 placeholder:text-foreground-100 text-sm leading-[20px] w-full h-10 py-2.5 mx-2"
                data-slot="input"
                id="react-aria-:r0:"
                placeholder="Full Name"
                type="text"
                value=""
              />
            </div>
          </div>
        </div>
      </div>
      <div
        class="group flex flex-col data-[hidden=true]:hidden w-full relative justify-end data-[has-label=true]:mt-[calc(theme(fontSize.small)_+_10px)] is-filled"
        data-filled="true"
        data-filled-within="true"
        data-has-elements="true"
        data-has-label="true"
        data-has-value="true"
        data-slot="base"
      >
        <div
          class="h-full flex flex-col"
          data-slot="main-wrapper"
        >
          <div
            class="relative w-full inline-flex tap-highlight-transparent flex-row items-center shadow-sm px-3 gap-3 bg-default-100 data-[hover=true]:bg-default-200 group-data-[focus=true]:bg-default-100 h-10 min-h-10 transition-background motion-reduce:transition-none !duration-150 outline-none group-data-[focus-visible=true]:z-10 group-data-[focus-visible=true]:ring-2 group-data-[focus-visible=true]:ring-focus group-data-[focus-visible=true]:ring-offset-2 group-data-[focus-visible=true]:ring-offset-background !bg-inherit border border-primary-200 group-data-[focus=true]:border-primary-200 data-[hover=true]:border-secondary-200 data-[hover=true]:!bg-inherit group-data-[invalid=true]:!border-warning rounded-md is-filled"
            data-slot="input-wrapper"
            style="cursor: text;"
          >
            <label
              class="absolute pointer-events-none origin-top-left rtl:origin-top-right subpixel-antialiased block text-foreground-500 will-change-auto !duration-200 !ease-out motion-reduce:transition-none transition-[transform,color,left,opacity] group-data-[filled-within=true]:text-foreground group-data-[filled-within=true]:pointer-events-auto pb-0 z-20 top-1/2 -translate-y-1/2 group-data-[filled-within=true]:start-0 start-3 end-auto group-data-[filled-within=true]:-translate-y-[calc(100%_+_theme(fontSize.small)/2_+_20px)] pe-2 max-w-full text-ellipsis overflow-hidden !text-primary-200 text-sm font-medium opacity-50 group-data-[invalid=true]:!text-primary-200"
              data-slot="label"
              for="react-aria-:r5:"
              id="react-aria-:r6:"
            >
              Credit Card Number
            </label>
            <div
              class="inline-flex w-full items-center h-full box-border"
              data-slot="inner-wrapper"
            >
              <input
                aria-label="cardNumber"
                aria-labelledby="react-aria-:r5: react-aria-:r6:"
                class="font-normal bg-transparent !outline-none focus-visible:outline-none data-[has-start-content=true]:ps-1.5 data-[has-end-content=true]:pe-1.5 file:cursor-pointer file:bg-transparent file:border-0 autofill:bg-transparent bg-clip-text group-data-[has-value=true]:text-default-foreground !text-foreground-100 placeholder:text-foreground-100 text-sm leading-[20px] w-full h-10 py-2.5 mx-2 is-filled"
                data-filled="true"
                data-filled-within="true"
                data-has-end-content="true"
                data-slot="input"
                id="react-aria-:r5:"
                maxlength="14"
                placeholder="Card Number"
                type="text"
                value="1234 5678 9876"
              />
              <svg
                fill="none"
                height="16"
                viewBox="0 0 16 16"
                width="16"
                xmlns="http://www.w3.org/2000/svg"
              >
                <path
                  d="M14 2.66675H1.99996C1.26358 2.66675 0.666626 3.2637 0.666626 4.00008V12.0001C0.666626 12.7365 1.26358 13.3334 1.99996 13.3334H14C14.7363 13.3334 15.3333 12.7365 15.3333 12.0001V4.00008C15.3333 3.2637 14.7363 2.66675 14 2.66675Z"
                  stroke="currentColor"
                  stroke-linecap="round"
                  stroke-linejoin="round"
                  stroke-width="1.33333"
                />
                <path
                  d="M0.666626 6.66675H15.3333"
                  stroke="black"
                  stroke-linecap="round"
                  stroke-linejoin="round"
                  stroke-width="1.33333"
                />
              </svg>
            </div>
          </div>
        </div>
      </div>
      <div
        class="flex gap-5"
      >
        <div
          class="relative w-[50%]"
        >
          <p
            class="text-primary-200 text-sm font-medium mb-2 leading-4 text-primary-200 opacity-50"
          >
            Expire Date
          </p>
          <div
            class="group flex flex-col data-[hidden=true]:hidden w-full relative justify-end data-[has-label=true]:mt-[calc(theme(fontSize.small)_+_10px)]"
            data-filled="true"
            data-filled-within="true"
            data-slot="base"
          >
            <div
              class="h-full flex flex-col"
              data-slot="main-wrapper"
            >
              <div
                class="relative w-full inline-flex tap-highlight-transparent flex-row items-center shadow-sm px-3 gap-3 bg-default-100 data-[hover=true]:bg-default-200 group-data-[focus=true]:bg-default-100 h-10 min-h-10 transition-background motion-reduce:transition-none !duration-150 outline-none group-data-[focus-visible=true]:z-10 group-data-[focus-visible=true]:ring-2 group-data-[focus-visible=true]:ring-focus group-data-[focus-visible=true]:ring-offset-2 group-data-[focus-visible=true]:ring-offset-background !bg-inherit border border-primary-200 group-data-[focus=true]:border-primary-200 data-[hover=true]:border-secondary-200 data-[hover=true]:!bg-inherit group-data-[invalid=true]:!border-warning rounded-md"
                data-slot="input-wrapper"
                style="cursor: text;"
              >
                <div
                  class="inline-flex w-full items-center h-full box-border"
                  data-slot="inner-wrapper"
                >
                  <button
                    aria-label="Toggle Date Month Picker"
                    class="z-0 group relative items-center justify-center box-border appearance-none select-none whitespace-nowrap font-normal subpixel-antialiased overflow-hidden tap-highlight-transparent data-[pressed=true]:scale-[0.97] outline-none data-[focus-visible=true]:z-10 data-[focus-visible=true]:outline-2 data-[focus-visible=true]:outline-focus data-[focus-visible=true]:outline-offset-2 h-12 gap-3 [&>svg]:max-w-[theme(spacing.8)] transition-transform-colors-opacity motion-reduce:transition-none data-[hover=true]:opacity-hover border-transparent bg-none rounded-3xl max-h-10 text-sm leading-[20px] inline-block w-4 min-w-4 border-none p-0 text-current"
                    type="button"
                  >
                    <svg
                      fill="none"
                      height="16"
                      viewBox="0 0 16 16"
                      width="16"
                      xmlns="http://www.w3.org/2000/svg"
                    >
                      <path
                        d="M12.6667 2.66675H3.33333C2.59695 2.66675 2 3.2637 2 4.00008V13.3334C2 14.0698 2.59695 14.6667 3.33333 14.6667H12.6667C13.403 14.6667 14 14.0698 14 13.3334V4.00008C14 3.2637 13.403 2.66675 12.6667 2.66675Z"
                        stroke="currentColor"
                        stroke-linecap="round"
                        stroke-linejoin="round"
                        stroke-width="1.33333"
                      />
                      <path
                        d="M2 6.66675H14"
                        stroke="black"
                        stroke-linecap="round"
                        stroke-linejoin="round"
                        stroke-width="1.33333"
                      />
                      <path
                        d="M10.6666 1.33325V3.99992"
                        stroke="black"
                        stroke-linecap="round"
                        stroke-linejoin="round"
                        stroke-width="1.33333"
                      />
                      <path
                        d="M5.33337 1.33325V3.99992"
                        stroke="black"
                        stroke-linecap="round"
                        stroke-linejoin="round"
                        stroke-width="1.33333"
                      />
                    </svg>
                  </button>
                  <input
                    aria-label="MM/YY"
                    class="font-normal bg-transparent !outline-none focus-visible:outline-none data-[has-start-content=true]:ps-1.5 data-[has-end-content=true]:pe-1.5 file:cursor-pointer file:bg-transparent file:border-0 autofill:bg-transparent bg-clip-text group-data-[has-value=true]:text-default-foreground !text-foreground-100 placeholder:text-foreground-100 text-sm leading-[20px] w-full h-10 py-2.5 mx-2"
                    data-has-start-content="true"
                    data-slot="input"
                    id="react-aria-:ra:"
                    placeholder="MM/YY"
                    readonly=""
                    type="text"
                    value=""
                  />
                </div>
              </div>
            </div>
          </div>
        </div>
        <div
          class="group flex flex-col data-[hidden=true]:hidden relative justify-end data-[has-label=true]:mt-[calc(theme(fontSize.small)_+_10px)] w-[50%]"
          data-filled="true"
          data-filled-within="true"
          data-has-elements="true"
          data-has-label="true"
          data-slot="base"
        >
          <div
            class="h-full flex flex-col"
            data-slot="main-wrapper"
          >
            <div
              class="relative w-full inline-flex tap-highlight-transparent flex-row items-center shadow-sm px-3 gap-3 bg-default-100 data-[hover=true]:bg-default-200 group-data-[focus=true]:bg-default-100 h-10 min-h-10 transition-background motion-reduce:transition-none !duration-150 outline-none group-data-[focus-visible=true]:z-10 group-data-[focus-visible=true]:ring-2 group-data-[focus-visible=true]:ring-focus group-data-[focus-visible=true]:ring-offset-2 group-data-[focus-visible=true]:ring-offset-background !bg-inherit border border-primary-200 group-data-[focus=true]:border-primary-200 data-[hover=true]:border-secondary-200 data-[hover=true]:!bg-inherit group-data-[invalid=true]:!border-warning rounded-md"
              data-slot="input-wrapper"
              style="cursor: text;"
            >
              <label
                class="absolute pointer-events-none origin-top-left rtl:origin-top-right subpixel-antialiased block text-foreground-500 will-change-auto !duration-200 !ease-out motion-reduce:transition-none transition-[transform,color,left,opacity] group-data-[filled-within=true]:text-foreground group-data-[filled-within=true]:pointer-events-auto pb-0 z-20 top-1/2 -translate-y-1/2 group-data-[filled-within=true]:start-0 start-3 end-auto group-data-[filled-within=true]:-translate-y-[calc(100%_+_theme(fontSize.small)/2_+_20px)] pe-2 max-w-full text-ellipsis overflow-hidden !text-primary-200 text-sm font-medium opacity-50 group-data-[invalid=true]:!text-primary-200"
                data-slot="label"
                for="react-aria-:rf:"
                id="react-aria-:rg:"
              >
                CCV
              </label>
              <div
                class="inline-flex w-full items-center h-full box-border"
                data-slot="inner-wrapper"
              >
                <input
                  aria-label="ccv"
                  aria-labelledby="react-aria-:rf: react-aria-:rg:"
                  class="font-normal bg-transparent !outline-none focus-visible:outline-none data-[has-start-content=true]:ps-1.5 data-[has-end-content=true]:pe-1.5 file:cursor-pointer file:bg-transparent file:border-0 autofill:bg-transparent bg-clip-text group-data-[has-value=true]:text-default-foreground !text-foreground-100 placeholder:text-foreground-100 text-sm leading-[20px] w-full h-10 py-2.5 mx-2"
                  data-slot="input"
                  id="react-aria-:rf:"
                  maxlength="3"
                  placeholder="000"
                  type="string"
                  value=""
                />
              </div>
            </div>
          </div>
        </div>
      </div>
    </div>
    <button
      class="z-0 group relative inline-flex items-center justify-center box-border appearance-none select-none whitespace-nowrap font-normal subpixel-antialiased overflow-hidden tap-highlight-transparent data-[pressed=true]:scale-[0.97] outline-none data-[focus-visible=true]:z-10 data-[focus-visible=true]:outline-2 data-[focus-visible=true]:outline-focus data-[focus-visible=true]:outline-offset-2 px-6 min-w-24 h-12 gap-3 [&>svg]:max-w-[theme(spacing.8)] transition-transform-colors-opacity motion-reduce:transition-none data-[hover=true]:opacity-hover border-transparent bg-background-300 text-foreground-200 rounded-3xl w-full max-h-10 py-2.5 text-sm leading-[20px]"
      type="button"
    >
      Add Card
    </button>
  </div>,
  "debug": [Function],
  "findAllByAltText": [Function],
  "findAllByDisplayValue": [Function],
  "findAllByLabelText": [Function],
  "findAllByPlaceholderText": [Function],
  "findAllByRole": [Function],
  "findAllByTestId": [Function],
  "findAllByText": [Function],
  "findAllByTitle": [Function],
  "findByAltText": [Function],
  "findByDisplayValue": [Function],
  "findByLabelText": [Function],
  "findByPlaceholderText": [Function],
  "findByRole": [Function],
  "findByTestId": [Function],
  "findByText": [Function],
  "findByTitle": [Function],
  "getAllByAltText": [Function],
  "getAllByDisplayValue": [Function],
  "getAllByLabelText": [Function],
  "getAllByPlaceholderText": [Function],
  "getAllByRole": [Function],
  "getAllByTestId": [Function],
  "getAllByText": [Function],
  "getAllByTitle": [Function],
  "getByAltText": [Function],
  "getByDisplayValue": [Function],
  "getByLabelText": [Function],
  "getByPlaceholderText": [Function],
  "getByRole": [Function],
  "getByTestId": [Function],
  "getByText": [Function],
  "getByTitle": [Function],
  "queryAllByAltText": [Function],
  "queryAllByDisplayValue": [Function],
  "queryAllByLabelText": [Function],
  "queryAllByPlaceholderText": [Function],
  "queryAllByRole": [Function],
  "queryAllByTestId": [Function],
  "queryAllByText": [Function],
  "queryAllByTitle": [Function],
  "queryByAltText": [Function],
  "queryByDisplayValue": [Function],
  "queryByLabelText": [Function],
  "queryByPlaceholderText": [Function],
  "queryByRole": [Function],
  "queryByTestId": [Function],
  "queryByText": [Function],
  "queryByTitle": [Function],
  "rerender": [Function],
  "unmount": [Function],
}
`;
