// Jest Snapshot v1, https://goo.gl/fbAQLP

exports[`AccountForm Component Should renders snapshot correctly 1`] = `
{
  "asFragment": [Function],
  "baseElement": <body>
    <div>
      <div
        class="mb-10 flex w-full flex-col gap-4 bg-white"
      >
        <div
          class="group flex flex-col data-[hidden=true]:hidden w-full relative justify-end data-[has-label=true]:mt-[calc(theme(fontSize.small)_+_10px)]"
          data-filled="true"
          data-filled-within="true"
          data-slot="base"
        >
          <div
            class="h-full flex flex-col"
            data-slot="main-wrapper"
          >
            <div
              class="relative w-full inline-flex tap-highlight-transparent flex-row items-center shadow-sm px-3 gap-3 bg-default-100 data-[hover=true]:bg-default-200 group-data-[focus=true]:bg-default-100 h-10 min-h-10 transition-background motion-reduce:transition-none !duration-150 outline-none group-data-[focus-visible=true]:z-10 group-data-[focus-visible=true]:ring-2 group-data-[focus-visible=true]:ring-focus group-data-[focus-visible=true]:ring-offset-2 group-data-[focus-visible=true]:ring-offset-background !bg-inherit border border-primary-200 group-data-[focus=true]:border-primary-200 data-[hover=true]:border-secondary-200 data-[hover=true]:!bg-inherit group-data-[invalid=true]:!border-warning rounded-md"
              data-slot="input-wrapper"
              style="cursor: text;"
            >
              <div
                class="inline-flex w-full items-center h-full box-border"
                data-slot="inner-wrapper"
              >
                <svg
                  fill="none"
                  height="16"
                  viewBox="0 0 16 16"
                  width="16"
                  xmlns="http://www.w3.org/2000/svg"
                >
                  <path
                    d="M9.98516 9.75532L9.67802 9.58446C9.00204 9.20842 8.38086 8.74137 7.83189 8.19639L7.83017 8.19467C7.2852 7.6457 6.81815 7.02453 6.44211 6.34854L6.29259 6.07976L6.5485 5.90915L6.8285 5.72248L6.84693 5.7102L6.86682 5.70046C7.0885 5.59191 7.26221 5.40522 7.35452 5.1763C7.44668 4.94773 7.45119 4.69318 7.3672 4.4615C7.25641 4.16301 7.16549 3.85753 7.09502 3.54704L9.98516 9.75532ZM9.98516 9.75532L10.1395 9.43957M9.98516 9.75532L10.1395 9.43957M10.1395 9.43957L10.2861 9.13975C10.3947 8.91806 10.5813 8.74436 10.8103 8.65205C11.0386 8.55999 11.2928 8.55538 11.5242 8.63907C11.8227 8.75192 12.129 8.84306 12.4406 8.91179C12.4598 8.91617 12.4821 8.92168 12.5068 8.92778C12.6166 8.95492 12.7744 8.99389 12.9259 8.99922C13.296 9.07136 13.631 9.26697 13.8759 9.55441C14.1255 9.84753 14.266 10.218 14.2734 10.6029L14.2734 12.5998L14.2734 12.6014C14.2745 12.8372 14.2255 13.0705 14.1298 13.286C14.034 13.5014 13.8937 13.6941 13.718 13.8512C13.4121 14.1236 13.0167 14.2738 12.6072 14.2732H12.6067H12.374C9.66105 13.9337 7.13756 12.7022 5.20044 10.7721C3.25851 8.83725 2.01655 6.31054 1.67074 3.59111L1.67076 3.59111L1.67027 3.58759C1.63754 3.3504 1.65629 3.10895 1.72526 2.87966C1.79423 2.65037 1.9118 2.43863 2.06995 2.25886C2.22811 2.07909 2.42314 1.93551 2.64178 1.83789C2.86041 1.74027 3.09751 1.6909 3.33694 1.69315V1.69316H3.34007H5.34007V1.6932M10.1395 9.43957L5.34007 1.6932M5.34007 1.6932L5.34491 1.69313M5.34007 1.6932L5.34491 1.69313M5.34491 1.69313C5.74197 1.68736 6.12803 1.82354 6.43359 2.07715C6.7375 2.3294 6.9419 2.68132 7.01048 3.07013M5.34491 1.69313L7.01048 3.07013M7.01048 3.07013C7.03157 3.23025 7.05965 3.39139 7.095 3.54693L7.01048 3.07013ZM13.6267 12.6669L13.6267 12.6644L13.6134 10.5887C13.6173 10.358 13.5414 10.1329 13.3982 9.95177C13.2541 9.76925 13.0507 9.6427 12.8233 9.59391L12.8126 9.5916L12.8017 9.59001C12.6278 9.56456 12.4562 9.53278 12.2868 9.49468C11.943 9.41664 11.6042 9.318 11.2723 9.1993L10.9807 9.09501L10.8553 9.37819L10.4434 10.3082C10.4249 10.3474 10.3989 10.3825 10.3669 10.4117L10.5915 10.658L10.3669 10.4117C10.3342 10.4415 10.296 10.4644 10.2545 10.4793L10.2472 10.4819L10.2401 10.4848C10.1609 10.5173 10.0724 10.5182 9.99282 10.4873C8.01252 9.5604 6.42071 7.96719 5.49561 5.98586C5.4772 5.94611 5.46681 5.90313 5.46502 5.85937C5.46323 5.81551 5.47012 5.77172 5.4853 5.73053C5.50047 5.68934 5.52364 5.65155 5.55346 5.61933C5.58328 5.58711 5.61917 5.5611 5.65907 5.5428L5.65907 5.5428L5.66044 5.54217L6.59377 5.10883L6.87469 4.97841L6.76522 4.68868C6.64378 4.36727 6.54589 4.03744 6.47234 3.70181L6.47235 3.70181L6.47194 3.69999C6.43381 3.53054 6.40201 3.35885 6.37655 3.1849L6.37496 3.17401L6.37265 3.16325C6.32386 2.93582 6.19732 2.73251 6.0148 2.58832C5.83334 2.44497 5.60785 2.36896 5.37673 2.37316L3.38007 2.37316L3.37965 2.37316C3.23766 2.37334 3.09734 2.40376 2.96802 2.46238C2.83871 2.52101 2.72336 2.6065 2.62965 2.71316L2.62959 2.71312L2.62514 2.71841C2.53282 2.82799 2.46368 2.95516 2.42189 3.09222C2.3801 3.22928 2.36654 3.37339 2.38202 3.51584L2.38198 3.51584L2.38258 3.52065C2.69992 6.09236 3.86438 8.48523 5.69228 10.3218C7.52019 12.1584 9.90751 13.3342 12.4777 13.6638L12.48 13.6641C12.6238 13.6815 12.7697 13.6686 12.9082 13.6264C13.0468 13.5842 13.1749 13.5135 13.2846 13.4188L13.2846 13.4188L13.2867 13.4169C13.3934 13.3232 13.4789 13.2079 13.5375 13.0785C13.5961 12.9492 13.6266 12.8089 13.6267 12.6669Z"
                    fill="black"
                    stroke="currentColor"
                    stroke-width="0.666667"
                  />
                </svg>
                <input
                  aria-label="phone"
                  class="font-normal bg-transparent !outline-none focus-visible:outline-none data-[has-start-content=true]:ps-1.5 data-[has-end-content=true]:pe-1.5 file:cursor-pointer file:bg-transparent file:border-0 autofill:bg-transparent bg-clip-text group-data-[has-value=true]:text-default-foreground !text-foreground-100 placeholder:text-foreground-100 text-sm leading-[20px] w-full h-10 py-2.5 mx-2"
                  data-has-start-content="true"
                  data-slot="input"
                  id="react-aria-:r0:"
                  maxlength="12"
                  placeholder="+2547xxxxx503"
                  type="text"
                  value=""
                />
              </div>
            </div>
          </div>
        </div>
        <div
          class="group flex flex-col data-[hidden=true]:hidden w-full relative justify-end data-[has-label=true]:mt-[calc(theme(fontSize.small)_+_10px)]"
          data-filled="true"
          data-filled-within="true"
          data-has-value="true"
          data-slot="base"
        >
          <div
            class="h-full flex flex-col"
            data-slot="main-wrapper"
          >
            <div
              class="relative w-full inline-flex tap-highlight-transparent flex-row items-center shadow-sm px-3 gap-3 bg-default-100 data-[hover=true]:bg-default-200 group-data-[focus=true]:bg-default-100 h-10 min-h-10 transition-background motion-reduce:transition-none !duration-150 outline-none group-data-[focus-visible=true]:z-10 group-data-[focus-visible=true]:ring-2 group-data-[focus-visible=true]:ring-focus group-data-[focus-visible=true]:ring-offset-2 group-data-[focus-visible=true]:ring-offset-background !bg-inherit border border-primary-200 group-data-[focus=true]:border-primary-200 data-[hover=true]:border-secondary-200 data-[hover=true]:!bg-inherit group-data-[invalid=true]:!border-warning rounded-md"
              data-slot="input-wrapper"
              style="cursor: text;"
            >
              <div
                class="inline-flex w-full items-center h-full box-border"
                data-slot="inner-wrapper"
              >
                <svg
                  fill="none"
                  height="16"
                  viewBox="0 0 16 16"
                  width="16"
                  xmlns="http://www.w3.org/2000/svg"
                >
                  <g
                    clip-path="url(#clip0_1_20549)"
                  >
                    <path
                      d="M7.99992 14.6666C11.6818 14.6666 14.6666 11.6818 14.6666 7.99992C14.6666 4.31802 11.6818 1.33325 7.99992 1.33325C4.31802 1.33325 1.33325 4.31802 1.33325 7.99992C1.33325 11.6818 4.31802 14.6666 7.99992 14.6666Z"
                      stroke="currentColor"
                      stroke-linecap="round"
                      stroke-linejoin="round"
                      stroke-width="1.33333"
                    />
                    <path
                      d="M1.33325 8H14.6666"
                      stroke="currentColor"
                      stroke-linecap="round"
                      stroke-linejoin="round"
                      stroke-width="1.33333"
                    />
                    <path
                      d="M7.99992 1.33325C9.66744 3.15882 10.6151 5.52794 10.6666 7.99992C10.6151 10.4719 9.66744 12.841 7.99992 14.6666C6.3324 12.841 5.38475 10.4719 5.33325 7.99992C5.38475 5.52794 6.3324 3.15882 7.99992 1.33325V1.33325Z"
                      stroke="currentColor"
                      stroke-linecap="round"
                      stroke-linejoin="round"
                      stroke-width="1.33333"
                    />
                  </g>
                  <defs>
                    <clippath
                      id="clip0_1_20549"
                    >
                      <rect
                        fill="currentColor"
                        height="16"
                        width="16"
                      />
                    </clippath>
                  </defs>
                </svg>
                <input
                  aria-label="country"
                  class="font-normal bg-transparent !outline-none focus-visible:outline-none data-[has-start-content=true]:ps-1.5 data-[has-end-content=true]:pe-1.5 file:cursor-pointer file:bg-transparent file:border-0 autofill:bg-transparent bg-clip-text group-data-[has-value=true]:text-default-foreground !text-foreground-100 placeholder:text-foreground-100 text-sm leading-[20px] w-full h-10 py-2.5 mx-2"
                  data-has-start-content="true"
                  data-slot="input"
                  disabled=""
                  id="react-aria-:r5:"
                  type="text"
                  value=""
                />
              </div>
            </div>
          </div>
        </div>
        <div
          class="group flex flex-col data-[hidden=true]:hidden w-full relative justify-end data-[has-label=true]:mt-[calc(theme(fontSize.small)_+_10px)]"
          data-filled="true"
          data-filled-within="true"
          data-slot="base"
        >
          <div
            class="h-full flex flex-col"
            data-slot="main-wrapper"
          >
            <div
              class="relative w-full inline-flex tap-highlight-transparent flex-row items-center shadow-sm px-3 gap-3 bg-default-100 data-[hover=true]:bg-default-200 group-data-[focus=true]:bg-default-100 h-10 min-h-10 transition-background motion-reduce:transition-none !duration-150 outline-none group-data-[focus-visible=true]:z-10 group-data-[focus-visible=true]:ring-2 group-data-[focus-visible=true]:ring-focus group-data-[focus-visible=true]:ring-offset-2 group-data-[focus-visible=true]:ring-offset-background !bg-inherit border border-primary-200 group-data-[focus=true]:border-primary-200 data-[hover=true]:border-secondary-200 data-[hover=true]:!bg-inherit group-data-[invalid=true]:!border-warning rounded-md"
              data-slot="input-wrapper"
              style="cursor: text;"
            >
              <div
                class="inline-flex w-full items-center h-full box-border"
                data-slot="inner-wrapper"
              >
                <svg
                  fill="none"
                  height="16"
                  viewBox="0 0 16 16"
                  width="16"
                  xmlns="http://www.w3.org/2000/svg"
                >
                  <path
                    d="M7.66667 4.33325V3.99992V2.66659V2.33325H8H8.66667C8.75507 2.33325 8.83986 2.29813 8.90237 2.23562L9.13807 2.47132L8.90237 2.23562C8.96488 2.17311 9 2.08832 9 1.99992C9 1.91151 8.96488 1.82673 8.90237 1.76422C8.83986 1.7017 8.75507 1.66659 8.66667 1.66659H7.33333C7.24493 1.66659 7.16014 1.7017 7.09763 1.76422C7.03512 1.82673 7 1.91151 7 1.99992V3.99992V4.33325H6.66667H4.66667C4.04783 4.33325 3.45434 4.57908 3.01675 5.01667C2.57917 5.45425 2.33333 6.04775 2.33333 6.66659V10.6666C2.33333 10.755 2.36845 10.8398 2.43096 10.9023M7.66667 4.33325L2.43096 10.9023M7.66667 4.33325H8H11.3333C11.9522 4.33325 12.5457 4.57908 12.9832 5.01667C13.4208 5.45425 13.6667 6.04775 13.6667 6.66659V10.6666C13.6667 10.755 13.6315 10.8398 13.569 10.9023C13.5065 10.9648 13.4217 10.9999 13.3333 10.9999H8H7.66667V11.3333V13.9999C7.66667 14.0883 7.63155 14.1731 7.56904 14.2356C7.50652 14.2981 7.42174 14.3333 7.33333 14.3333C7.24493 14.3333 7.16014 14.2981 7.09763 14.2356C7.03512 14.1731 7 14.0883 7 13.9999V11.3333V10.9999H6.66667H2.66667C2.57826 10.9999 2.49348 10.9648 2.43096 10.9023M7.66667 4.33325L2.19526 11.138L2.43096 10.9023M8.66667 10.3333H9V9.99992V6.66732C9.00184 6.25768 9.11433 5.85613 9.32559 5.50515L9.6297 4.99992H9.04H4.66667C4.22464 4.99992 3.80072 5.17551 3.48816 5.48807C3.17559 5.80063 3 6.22456 3 6.66659V9.99992V10.3333H3.33333H8.66667ZM12.6667 10.3333H13V9.99992V6.66659C13 6.22456 12.8244 5.80063 12.5118 5.48807C12.1993 5.17551 11.7754 4.99992 11.3333 4.99992C10.8913 4.99992 10.4674 5.17551 10.1548 5.48807C9.84226 5.80063 9.66667 6.22456 9.66667 6.66659V9.99992V10.3333H10H12.6667ZM6.66667 7.66659H5.33333C5.24493 7.66659 5.16014 7.63147 5.09763 7.56895C5.03512 7.50644 5 7.42166 5 7.33325C5 7.24485 5.03512 7.16006 5.09763 7.09755C5.16014 7.03504 5.24493 6.99992 5.33333 6.99992H6.66667C6.75507 6.99992 6.83986 7.03504 6.90237 7.09755C6.96488 7.16006 7 7.24485 7 7.33325C7 7.42166 6.96488 7.50644 6.90237 7.56895C6.83986 7.63147 6.75507 7.66659 6.66667 7.66659Z"
                    fill="black"
                    stroke="currentColor"
                    stroke-width="0.666667"
                  />
                </svg>
                <input
                  aria-label="postalAddress"
                  class="font-normal bg-transparent !outline-none focus-visible:outline-none data-[has-start-content=true]:ps-1.5 data-[has-end-content=true]:pe-1.5 file:cursor-pointer file:bg-transparent file:border-0 autofill:bg-transparent bg-clip-text group-data-[has-value=true]:text-default-foreground !text-foreground-100 placeholder:text-foreground-100 text-sm leading-[20px] w-full h-10 py-2.5 mx-2"
                  data-has-start-content="true"
                  data-slot="input"
                  disabled=""
                  id="react-aria-:ra:"
                  placeholder="Postal Address"
                  type="text"
                  value=""
                />
              </div>
            </div>
          </div>
        </div>
      </div>
      <button
        class="z-0 group relative inline-flex items-center justify-center box-border appearance-none select-none whitespace-nowrap font-normal subpixel-antialiased overflow-hidden tap-highlight-transparent data-[pressed=true]:scale-[0.97] outline-none data-[focus-visible=true]:z-10 data-[focus-visible=true]:outline-2 data-[focus-visible=true]:outline-focus data-[focus-visible=true]:outline-offset-2 px-6 min-w-24 h-12 gap-3 [&>svg]:max-w-[theme(spacing.8)] transition-transform-colors-opacity motion-reduce:transition-none data-[hover=true]:opacity-hover border-transparent bg-background-300 text-foreground-200 rounded-3xl w-full max-h-10 py-2.5 text-sm leading-[20px]"
        type="button"
      >
        Continue
      </button>
    </div>
  </body>,
  "container": <div>
    <div
      class="mb-10 flex w-full flex-col gap-4 bg-white"
    >
      <div
        class="group flex flex-col data-[hidden=true]:hidden w-full relative justify-end data-[has-label=true]:mt-[calc(theme(fontSize.small)_+_10px)]"
        data-filled="true"
        data-filled-within="true"
        data-slot="base"
      >
        <div
          class="h-full flex flex-col"
          data-slot="main-wrapper"
        >
          <div
            class="relative w-full inline-flex tap-highlight-transparent flex-row items-center shadow-sm px-3 gap-3 bg-default-100 data-[hover=true]:bg-default-200 group-data-[focus=true]:bg-default-100 h-10 min-h-10 transition-background motion-reduce:transition-none !duration-150 outline-none group-data-[focus-visible=true]:z-10 group-data-[focus-visible=true]:ring-2 group-data-[focus-visible=true]:ring-focus group-data-[focus-visible=true]:ring-offset-2 group-data-[focus-visible=true]:ring-offset-background !bg-inherit border border-primary-200 group-data-[focus=true]:border-primary-200 data-[hover=true]:border-secondary-200 data-[hover=true]:!bg-inherit group-data-[invalid=true]:!border-warning rounded-md"
            data-slot="input-wrapper"
            style="cursor: text;"
          >
            <div
              class="inline-flex w-full items-center h-full box-border"
              data-slot="inner-wrapper"
            >
              <svg
                fill="none"
                height="16"
                viewBox="0 0 16 16"
                width="16"
                xmlns="http://www.w3.org/2000/svg"
              >
                <path
                  d="M9.98516 9.75532L9.67802 9.58446C9.00204 9.20842 8.38086 8.74137 7.83189 8.19639L7.83017 8.19467C7.2852 7.6457 6.81815 7.02453 6.44211 6.34854L6.29259 6.07976L6.5485 5.90915L6.8285 5.72248L6.84693 5.7102L6.86682 5.70046C7.0885 5.59191 7.26221 5.40522 7.35452 5.1763C7.44668 4.94773 7.45119 4.69318 7.3672 4.4615C7.25641 4.16301 7.16549 3.85753 7.09502 3.54704L9.98516 9.75532ZM9.98516 9.75532L10.1395 9.43957M9.98516 9.75532L10.1395 9.43957M10.1395 9.43957L10.2861 9.13975C10.3947 8.91806 10.5813 8.74436 10.8103 8.65205C11.0386 8.55999 11.2928 8.55538 11.5242 8.63907C11.8227 8.75192 12.129 8.84306 12.4406 8.91179C12.4598 8.91617 12.4821 8.92168 12.5068 8.92778C12.6166 8.95492 12.7744 8.99389 12.9259 8.99922C13.296 9.07136 13.631 9.26697 13.8759 9.55441C14.1255 9.84753 14.266 10.218 14.2734 10.6029L14.2734 12.5998L14.2734 12.6014C14.2745 12.8372 14.2255 13.0705 14.1298 13.286C14.034 13.5014 13.8937 13.6941 13.718 13.8512C13.4121 14.1236 13.0167 14.2738 12.6072 14.2732H12.6067H12.374C9.66105 13.9337 7.13756 12.7022 5.20044 10.7721C3.25851 8.83725 2.01655 6.31054 1.67074 3.59111L1.67076 3.59111L1.67027 3.58759C1.63754 3.3504 1.65629 3.10895 1.72526 2.87966C1.79423 2.65037 1.9118 2.43863 2.06995 2.25886C2.22811 2.07909 2.42314 1.93551 2.64178 1.83789C2.86041 1.74027 3.09751 1.6909 3.33694 1.69315V1.69316H3.34007H5.34007V1.6932M10.1395 9.43957L5.34007 1.6932M5.34007 1.6932L5.34491 1.69313M5.34007 1.6932L5.34491 1.69313M5.34491 1.69313C5.74197 1.68736 6.12803 1.82354 6.43359 2.07715C6.7375 2.3294 6.9419 2.68132 7.01048 3.07013M5.34491 1.69313L7.01048 3.07013M7.01048 3.07013C7.03157 3.23025 7.05965 3.39139 7.095 3.54693L7.01048 3.07013ZM13.6267 12.6669L13.6267 12.6644L13.6134 10.5887C13.6173 10.358 13.5414 10.1329 13.3982 9.95177C13.2541 9.76925 13.0507 9.6427 12.8233 9.59391L12.8126 9.5916L12.8017 9.59001C12.6278 9.56456 12.4562 9.53278 12.2868 9.49468C11.943 9.41664 11.6042 9.318 11.2723 9.1993L10.9807 9.09501L10.8553 9.37819L10.4434 10.3082C10.4249 10.3474 10.3989 10.3825 10.3669 10.4117L10.5915 10.658L10.3669 10.4117C10.3342 10.4415 10.296 10.4644 10.2545 10.4793L10.2472 10.4819L10.2401 10.4848C10.1609 10.5173 10.0724 10.5182 9.99282 10.4873C8.01252 9.5604 6.42071 7.96719 5.49561 5.98586C5.4772 5.94611 5.46681 5.90313 5.46502 5.85937C5.46323 5.81551 5.47012 5.77172 5.4853 5.73053C5.50047 5.68934 5.52364 5.65155 5.55346 5.61933C5.58328 5.58711 5.61917 5.5611 5.65907 5.5428L5.65907 5.5428L5.66044 5.54217L6.59377 5.10883L6.87469 4.97841L6.76522 4.68868C6.64378 4.36727 6.54589 4.03744 6.47234 3.70181L6.47235 3.70181L6.47194 3.69999C6.43381 3.53054 6.40201 3.35885 6.37655 3.1849L6.37496 3.17401L6.37265 3.16325C6.32386 2.93582 6.19732 2.73251 6.0148 2.58832C5.83334 2.44497 5.60785 2.36896 5.37673 2.37316L3.38007 2.37316L3.37965 2.37316C3.23766 2.37334 3.09734 2.40376 2.96802 2.46238C2.83871 2.52101 2.72336 2.6065 2.62965 2.71316L2.62959 2.71312L2.62514 2.71841C2.53282 2.82799 2.46368 2.95516 2.42189 3.09222C2.3801 3.22928 2.36654 3.37339 2.38202 3.51584L2.38198 3.51584L2.38258 3.52065C2.69992 6.09236 3.86438 8.48523 5.69228 10.3218C7.52019 12.1584 9.90751 13.3342 12.4777 13.6638L12.48 13.6641C12.6238 13.6815 12.7697 13.6686 12.9082 13.6264C13.0468 13.5842 13.1749 13.5135 13.2846 13.4188L13.2846 13.4188L13.2867 13.4169C13.3934 13.3232 13.4789 13.2079 13.5375 13.0785C13.5961 12.9492 13.6266 12.8089 13.6267 12.6669Z"
                  fill="black"
                  stroke="currentColor"
                  stroke-width="0.666667"
                />
              </svg>
              <input
                aria-label="phone"
                class="font-normal bg-transparent !outline-none focus-visible:outline-none data-[has-start-content=true]:ps-1.5 data-[has-end-content=true]:pe-1.5 file:cursor-pointer file:bg-transparent file:border-0 autofill:bg-transparent bg-clip-text group-data-[has-value=true]:text-default-foreground !text-foreground-100 placeholder:text-foreground-100 text-sm leading-[20px] w-full h-10 py-2.5 mx-2"
                data-has-start-content="true"
                data-slot="input"
                id="react-aria-:r0:"
                maxlength="12"
                placeholder="+2547xxxxx503"
                type="text"
                value=""
              />
            </div>
          </div>
        </div>
      </div>
      <div
        class="group flex flex-col data-[hidden=true]:hidden w-full relative justify-end data-[has-label=true]:mt-[calc(theme(fontSize.small)_+_10px)]"
        data-filled="true"
        data-filled-within="true"
        data-has-value="true"
        data-slot="base"
      >
        <div
          class="h-full flex flex-col"
          data-slot="main-wrapper"
        >
          <div
            class="relative w-full inline-flex tap-highlight-transparent flex-row items-center shadow-sm px-3 gap-3 bg-default-100 data-[hover=true]:bg-default-200 group-data-[focus=true]:bg-default-100 h-10 min-h-10 transition-background motion-reduce:transition-none !duration-150 outline-none group-data-[focus-visible=true]:z-10 group-data-[focus-visible=true]:ring-2 group-data-[focus-visible=true]:ring-focus group-data-[focus-visible=true]:ring-offset-2 group-data-[focus-visible=true]:ring-offset-background !bg-inherit border border-primary-200 group-data-[focus=true]:border-primary-200 data-[hover=true]:border-secondary-200 data-[hover=true]:!bg-inherit group-data-[invalid=true]:!border-warning rounded-md"
            data-slot="input-wrapper"
            style="cursor: text;"
          >
            <div
              class="inline-flex w-full items-center h-full box-border"
              data-slot="inner-wrapper"
            >
              <svg
                fill="none"
                height="16"
                viewBox="0 0 16 16"
                width="16"
                xmlns="http://www.w3.org/2000/svg"
              >
                <g
                  clip-path="url(#clip0_1_20549)"
                >
                  <path
                    d="M7.99992 14.6666C11.6818 14.6666 14.6666 11.6818 14.6666 7.99992C14.6666 4.31802 11.6818 1.33325 7.99992 1.33325C4.31802 1.33325 1.33325 4.31802 1.33325 7.99992C1.33325 11.6818 4.31802 14.6666 7.99992 14.6666Z"
                    stroke="currentColor"
                    stroke-linecap="round"
                    stroke-linejoin="round"
                    stroke-width="1.33333"
                  />
                  <path
                    d="M1.33325 8H14.6666"
                    stroke="currentColor"
                    stroke-linecap="round"
                    stroke-linejoin="round"
                    stroke-width="1.33333"
                  />
                  <path
                    d="M7.99992 1.33325C9.66744 3.15882 10.6151 5.52794 10.6666 7.99992C10.6151 10.4719 9.66744 12.841 7.99992 14.6666C6.3324 12.841 5.38475 10.4719 5.33325 7.99992C5.38475 5.52794 6.3324 3.15882 7.99992 1.33325V1.33325Z"
                    stroke="currentColor"
                    stroke-linecap="round"
                    stroke-linejoin="round"
                    stroke-width="1.33333"
                  />
                </g>
                <defs>
                  <clippath
                    id="clip0_1_20549"
                  >
                    <rect
                      fill="currentColor"
                      height="16"
                      width="16"
                    />
                  </clippath>
                </defs>
              </svg>
              <input
                aria-label="country"
                class="font-normal bg-transparent !outline-none focus-visible:outline-none data-[has-start-content=true]:ps-1.5 data-[has-end-content=true]:pe-1.5 file:cursor-pointer file:bg-transparent file:border-0 autofill:bg-transparent bg-clip-text group-data-[has-value=true]:text-default-foreground !text-foreground-100 placeholder:text-foreground-100 text-sm leading-[20px] w-full h-10 py-2.5 mx-2"
                data-has-start-content="true"
                data-slot="input"
                disabled=""
                id="react-aria-:r5:"
                type="text"
                value=""
              />
            </div>
          </div>
        </div>
      </div>
      <div
        class="group flex flex-col data-[hidden=true]:hidden w-full relative justify-end data-[has-label=true]:mt-[calc(theme(fontSize.small)_+_10px)]"
        data-filled="true"
        data-filled-within="true"
        data-slot="base"
      >
        <div
          class="h-full flex flex-col"
          data-slot="main-wrapper"
        >
          <div
            class="relative w-full inline-flex tap-highlight-transparent flex-row items-center shadow-sm px-3 gap-3 bg-default-100 data-[hover=true]:bg-default-200 group-data-[focus=true]:bg-default-100 h-10 min-h-10 transition-background motion-reduce:transition-none !duration-150 outline-none group-data-[focus-visible=true]:z-10 group-data-[focus-visible=true]:ring-2 group-data-[focus-visible=true]:ring-focus group-data-[focus-visible=true]:ring-offset-2 group-data-[focus-visible=true]:ring-offset-background !bg-inherit border border-primary-200 group-data-[focus=true]:border-primary-200 data-[hover=true]:border-secondary-200 data-[hover=true]:!bg-inherit group-data-[invalid=true]:!border-warning rounded-md"
            data-slot="input-wrapper"
            style="cursor: text;"
          >
            <div
              class="inline-flex w-full items-center h-full box-border"
              data-slot="inner-wrapper"
            >
              <svg
                fill="none"
                height="16"
                viewBox="0 0 16 16"
                width="16"
                xmlns="http://www.w3.org/2000/svg"
              >
                <path
                  d="M7.66667 4.33325V3.99992V2.66659V2.33325H8H8.66667C8.75507 2.33325 8.83986 2.29813 8.90237 2.23562L9.13807 2.47132L8.90237 2.23562C8.96488 2.17311 9 2.08832 9 1.99992C9 1.91151 8.96488 1.82673 8.90237 1.76422C8.83986 1.7017 8.75507 1.66659 8.66667 1.66659H7.33333C7.24493 1.66659 7.16014 1.7017 7.09763 1.76422C7.03512 1.82673 7 1.91151 7 1.99992V3.99992V4.33325H6.66667H4.66667C4.04783 4.33325 3.45434 4.57908 3.01675 5.01667C2.57917 5.45425 2.33333 6.04775 2.33333 6.66659V10.6666C2.33333 10.755 2.36845 10.8398 2.43096 10.9023M7.66667 4.33325L2.43096 10.9023M7.66667 4.33325H8H11.3333C11.9522 4.33325 12.5457 4.57908 12.9832 5.01667C13.4208 5.45425 13.6667 6.04775 13.6667 6.66659V10.6666C13.6667 10.755 13.6315 10.8398 13.569 10.9023C13.5065 10.9648 13.4217 10.9999 13.3333 10.9999H8H7.66667V11.3333V13.9999C7.66667 14.0883 7.63155 14.1731 7.56904 14.2356C7.50652 14.2981 7.42174 14.3333 7.33333 14.3333C7.24493 14.3333 7.16014 14.2981 7.09763 14.2356C7.03512 14.1731 7 14.0883 7 13.9999V11.3333V10.9999H6.66667H2.66667C2.57826 10.9999 2.49348 10.9648 2.43096 10.9023M7.66667 4.33325L2.19526 11.138L2.43096 10.9023M8.66667 10.3333H9V9.99992V6.66732C9.00184 6.25768 9.11433 5.85613 9.32559 5.50515L9.6297 4.99992H9.04H4.66667C4.22464 4.99992 3.80072 5.17551 3.48816 5.48807C3.17559 5.80063 3 6.22456 3 6.66659V9.99992V10.3333H3.33333H8.66667ZM12.6667 10.3333H13V9.99992V6.66659C13 6.22456 12.8244 5.80063 12.5118 5.48807C12.1993 5.17551 11.7754 4.99992 11.3333 4.99992C10.8913 4.99992 10.4674 5.17551 10.1548 5.48807C9.84226 5.80063 9.66667 6.22456 9.66667 6.66659V9.99992V10.3333H10H12.6667ZM6.66667 7.66659H5.33333C5.24493 7.66659 5.16014 7.63147 5.09763 7.56895C5.03512 7.50644 5 7.42166 5 7.33325C5 7.24485 5.03512 7.16006 5.09763 7.09755C5.16014 7.03504 5.24493 6.99992 5.33333 6.99992H6.66667C6.75507 6.99992 6.83986 7.03504 6.90237 7.09755C6.96488 7.16006 7 7.24485 7 7.33325C7 7.42166 6.96488 7.50644 6.90237 7.56895C6.83986 7.63147 6.75507 7.66659 6.66667 7.66659Z"
                  fill="black"
                  stroke="currentColor"
                  stroke-width="0.666667"
                />
              </svg>
              <input
                aria-label="postalAddress"
                class="font-normal bg-transparent !outline-none focus-visible:outline-none data-[has-start-content=true]:ps-1.5 data-[has-end-content=true]:pe-1.5 file:cursor-pointer file:bg-transparent file:border-0 autofill:bg-transparent bg-clip-text group-data-[has-value=true]:text-default-foreground !text-foreground-100 placeholder:text-foreground-100 text-sm leading-[20px] w-full h-10 py-2.5 mx-2"
                data-has-start-content="true"
                data-slot="input"
                disabled=""
                id="react-aria-:ra:"
                placeholder="Postal Address"
                type="text"
                value=""
              />
            </div>
          </div>
        </div>
      </div>
    </div>
    <button
      class="z-0 group relative inline-flex items-center justify-center box-border appearance-none select-none whitespace-nowrap font-normal subpixel-antialiased overflow-hidden tap-highlight-transparent data-[pressed=true]:scale-[0.97] outline-none data-[focus-visible=true]:z-10 data-[focus-visible=true]:outline-2 data-[focus-visible=true]:outline-focus data-[focus-visible=true]:outline-offset-2 px-6 min-w-24 h-12 gap-3 [&>svg]:max-w-[theme(spacing.8)] transition-transform-colors-opacity motion-reduce:transition-none data-[hover=true]:opacity-hover border-transparent bg-background-300 text-foreground-200 rounded-3xl w-full max-h-10 py-2.5 text-sm leading-[20px]"
      type="button"
    >
      Continue
    </button>
  </div>,
  "debug": [Function],
  "findAllByAltText": [Function],
  "findAllByDisplayValue": [Function],
  "findAllByLabelText": [Function],
  "findAllByPlaceholderText": [Function],
  "findAllByRole": [Function],
  "findAllByTestId": [Function],
  "findAllByText": [Function],
  "findAllByTitle": [Function],
  "findByAltText": [Function],
  "findByDisplayValue": [Function],
  "findByLabelText": [Function],
  "findByPlaceholderText": [Function],
  "findByRole": [Function],
  "findByTestId": [Function],
  "findByText": [Function],
  "findByTitle": [Function],
  "getAllByAltText": [Function],
  "getAllByDisplayValue": [Function],
  "getAllByLabelText": [Function],
  "getAllByPlaceholderText": [Function],
  "getAllByRole": [Function],
  "getAllByTestId": [Function],
  "getAllByText": [Function],
  "getAllByTitle": [Function],
  "getByAltText": [Function],
  "getByDisplayValue": [Function],
  "getByLabelText": [Function],
  "getByPlaceholderText": [Function],
  "getByRole": [Function],
  "getByTestId": [Function],
  "getByText": [Function],
  "getByTitle": [Function],
  "queryAllByAltText": [Function],
  "queryAllByDisplayValue": [Function],
  "queryAllByLabelText": [Function],
  "queryAllByPlaceholderText": [Function],
  "queryAllByRole": [Function],
  "queryAllByTestId": [Function],
  "queryAllByText": [Function],
  "queryAllByTitle": [Function],
  "queryByAltText": [Function],
  "queryByDisplayValue": [Function],
  "queryByLabelText": [Function],
  "queryByPlaceholderText": [Function],
  "queryByRole": [Function],
  "queryByTestId": [Function],
  "queryByText": [Function],
  "queryByTitle": [Function],
  "rerender": [Function],
  "unmount": [Function],
}
`;
