// Jest Snapshot v1, https://goo.gl/fbAQLP

exports[`ExpenseAnalysis component Should render snapshot correctly 1`] = `
{
  "asFragment": [Function],
  "baseElement": <body>
    <div>
      <div
        class="flex flex-col relative overflow-hidden h-auto text-foreground box-border outline-none data-[focus-visible=true]:z-10 data-[focus-visible=true]:outline-2 data-[focus-visible=true]:outline-focus data-[focus-visible=true]:outline-offset-2 shadow-medium rounded-large transition-transform-background motion-reduce:transition-none max-w-[250px] bg-background-300 p-[10px]"
        tabindex="-1"
      >
        <div
          class="flex z-10 w-full justify-start items-center shrink-0 overflow-inherit color-inherit subpixel-antialiased rounded-t-large p-0"
        >
          <p
            class="text-foreground-200 text-base font-medium"
          >
            Expense Analysis
          </p>
        </div>
        <div
          class="mt-2 flex gap-4"
        >
          <div
            class="grid grid-cols-2 content-center gap-x-5 gap-y-3"
          >
            <div
              class="flex h-3 items-center gap-[5px]"
            >
              <div
                class="h-[8px] w-[8px] rounded-full bg-[#8AB17D]"
              />
              <p
                class="text-primary-200 font-medium text-2xs text-white opacity-50"
              >
                Amazon
              </p>
            </div>
            <div
              class="flex h-3 items-center gap-[5px]"
            >
              <div
                class="h-[8px] w-[8px] rounded-full bg-[#2A9D8F]"
              />
              <p
                class="text-primary-200 font-medium text-2xs text-white opacity-50"
              >
                Netflix
              </p>
            </div>
            <div
              class="flex h-3 items-center gap-[5px]"
            >
              <div
                class="h-[8px] w-[8px] rounded-full bg-[#F4A261]"
              />
              <p
                class="text-primary-200 font-medium text-2xs text-white opacity-50"
              >
                Apple
              </p>
            </div>
            <div
              class="flex h-3 items-center gap-[5px]"
            >
              <div
                class="h-[8px] w-[8px] rounded-full bg-[#E9C46A]"
              />
              <p
                class="text-primary-200 font-medium text-2xs text-white opacity-50"
              >
                Figma
              </p>
            </div>
          </div>
        </div>
      </div>
    </div>
  </body>,
  "container": <div>
    <div
      class="flex flex-col relative overflow-hidden h-auto text-foreground box-border outline-none data-[focus-visible=true]:z-10 data-[focus-visible=true]:outline-2 data-[focus-visible=true]:outline-focus data-[focus-visible=true]:outline-offset-2 shadow-medium rounded-large transition-transform-background motion-reduce:transition-none max-w-[250px] bg-background-300 p-[10px]"
      tabindex="-1"
    >
      <div
        class="flex z-10 w-full justify-start items-center shrink-0 overflow-inherit color-inherit subpixel-antialiased rounded-t-large p-0"
      >
        <p
          class="text-foreground-200 text-base font-medium"
        >
          Expense Analysis
        </p>
      </div>
      <div
        class="mt-2 flex gap-4"
      >
        <div
          class="grid grid-cols-2 content-center gap-x-5 gap-y-3"
        >
          <div
            class="flex h-3 items-center gap-[5px]"
          >
            <div
              class="h-[8px] w-[8px] rounded-full bg-[#8AB17D]"
            />
            <p
              class="text-primary-200 font-medium text-2xs text-white opacity-50"
            >
              Amazon
            </p>
          </div>
          <div
            class="flex h-3 items-center gap-[5px]"
          >
            <div
              class="h-[8px] w-[8px] rounded-full bg-[#2A9D8F]"
            />
            <p
              class="text-primary-200 font-medium text-2xs text-white opacity-50"
            >
              Netflix
            </p>
          </div>
          <div
            class="flex h-3 items-center gap-[5px]"
          >
            <div
              class="h-[8px] w-[8px] rounded-full bg-[#F4A261]"
            />
            <p
              class="text-primary-200 font-medium text-2xs text-white opacity-50"
            >
              Apple
            </p>
          </div>
          <div
            class="flex h-3 items-center gap-[5px]"
          >
            <div
              class="h-[8px] w-[8px] rounded-full bg-[#E9C46A]"
            />
            <p
              class="text-primary-200 font-medium text-2xs text-white opacity-50"
            >
              Figma
            </p>
          </div>
        </div>
      </div>
    </div>
  </div>,
  "debug": [Function],
  "findAllByAltText": [Function],
  "findAllByDisplayValue": [Function],
  "findAllByLabelText": [Function],
  "findAllByPlaceholderText": [Function],
  "findAllByRole": [Function],
  "findAllByTestId": [Function],
  "findAllByText": [Function],
  "findAllByTitle": [Function],
  "findByAltText": [Function],
  "findByDisplayValue": [Function],
  "findByLabelText": [Function],
  "findByPlaceholderText": [Function],
  "findByRole": [Function],
  "findByTestId": [Function],
  "findByText": [Function],
  "findByTitle": [Function],
  "getAllByAltText": [Function],
  "getAllByDisplayValue": [Function],
  "getAllByLabelText": [Function],
  "getAllByPlaceholderText": [Function],
  "getAllByRole": [Function],
  "getAllByTestId": [Function],
  "getAllByText": [Function],
  "getAllByTitle": [Function],
  "getByAltText": [Function],
  "getByDisplayValue": [Function],
  "getByLabelText": [Function],
  "getByPlaceholderText": [Function],
  "getByRole": [Function],
  "getByTestId": [Function],
  "getByText": [Function],
  "getByTitle": [Function],
  "queryAllByAltText": [Function],
  "queryAllByDisplayValue": [Function],
  "queryAllByLabelText": [Function],
  "queryAllByPlaceholderText": [Function],
  "queryAllByRole": [Function],
  "queryAllByTestId": [Function],
  "queryAllByText": [Function],
  "queryAllByTitle": [Function],
  "queryByAltText": [Function],
  "queryByDisplayValue": [Function],
  "queryByLabelText": [Function],
  "queryByPlaceholderText": [Function],
  "queryByRole": [Function],
  "queryByTestId": [Function],
  "queryByText": [Function],
  "queryByTitle": [Function],
  "rerender": [Function],
  "unmount": [Function],
}
`;
