// Jest Snapshot v1, https://goo.gl/fbAQLP

exports[`SubMenu component Should render snapshot correctly 1`] = `
{
  "asFragment": [Function],
  "baseElement": <body>
    <div>
      <nav
        class="border-b border-primary-200 border-opacity-50 pb-4 pl-8 max-[800px]:block hidden"
      >
        <ul
          class="flex gap-8"
        >
          <li
            class=""
          >
            <a
              class="flex w-full items-center justify-start gap-3 border-none text-sm"
              href="/settings/general"
            >
              <svg
                fill="none"
                height="16"
                viewBox="0 0 16 16"
                width="16"
                xmlns="http://www.w3.org/2000/svg"
              >
                <path
                  d="M5.65063 8.78268L6.18627 8.56808L5.73278 8.21128C5.13365 7.73991 4.69634 7.09351 4.48169 6.36202C4.26703 5.63054 4.28571 4.85033 4.53513 4.12996C4.78454 3.40958 5.25229 2.78485 5.87329 2.34269C6.49429 1.90053 7.23767 1.66292 8 1.66292C8.76233 1.66292 9.50571 1.90053 10.1267 2.34269C10.7477 2.78485 11.2155 3.40958 11.4649 4.12996C11.7143 4.85033 11.733 5.63054 11.5183 6.36202C11.3037 7.09351 10.8663 7.73991 10.2672 8.21128L10.4733 8.47325L10.3504 8.78308C11.4187 9.20708 12.3516 9.91385 13.0489 10.8276C13.7461 11.7412 14.1815 12.8272 14.3086 13.9693C14.3178 14.0566 14.2923 14.144 14.2374 14.2125C14.1858 14.2771 14.1121 14.32 14.0309 14.3333L13.98 14.3332L13.978 14.3333C13.8956 14.3338 13.8159 14.3037 13.7543 14.2489C13.6928 14.1941 13.6537 14.1185 13.6446 14.0366L13.6446 14.036C13.489 12.6514 12.8288 11.3726 11.79 10.4439C10.7512 9.5153 9.4067 9.00194 8.01333 9.00194C6.61997 9.00194 5.27545 9.5153 4.23665 10.4439C3.19786 11.3726 2.53762 12.6514 2.38208 14.036L2.382 14.0368C2.37221 14.1257 2.3275 14.2071 2.2577 14.2631C2.18789 14.3191 2.09871 14.345 2.00978 14.3353C1.92084 14.3255 1.83944 14.2808 1.78347 14.211C1.75575 14.1764 1.73512 14.1367 1.72274 14.0942C1.71037 14.0517 1.70649 14.0071 1.71132 13.9631C1.83775 12.824 2.27089 11.7406 2.9646 10.8283C3.65835 9.91593 4.58668 9.20894 5.65063 8.78268ZM6.33329 7.82766C6.82663 8.15731 7.40665 8.33325 8 8.33325C8.79565 8.33325 9.55871 8.01718 10.1213 7.45457C10.6839 6.89197 11 6.1289 11 5.33325C11 4.73991 10.8241 4.15989 10.4944 3.66654C10.1648 3.1732 9.69623 2.78868 9.14805 2.56162C8.59987 2.33455 7.99667 2.27514 7.41473 2.3909C6.83278 2.50665 6.29823 2.79238 5.87868 3.21193C5.45912 3.63149 5.1734 4.16604 5.05764 4.74798C4.94189 5.32993 5.0013 5.93313 5.22836 6.4813C5.45542 7.02948 5.83994 7.49802 6.33329 7.82766Z"
                  fill="black"
                  stroke="currentColor"
                  stroke-width="0.666667"
                />
              </svg>
              <span>
                General
              </span>
            </a>
          </li>
          <li
            class=""
          >
            <a
              class="flex w-full items-center justify-start gap-3 border-none text-sm"
              href="/settings/account"
            >
              <svg
                fill="none"
                height="18"
                viewBox="0 0 18 18"
                width="18"
                xmlns="http://www.w3.org/2000/svg"
              >
                <path
                  d="M14.9252 9.49504C14.8049 9.35818 14.7386 9.18223 14.7386 9.00004C14.7386 8.81786 14.8049 8.64191 14.9252 8.50504L15.8852 7.42504C15.991 7.30704 16.0566 7.15857 16.0728 7.00092C16.089 6.84328 16.0548 6.68456 15.9752 6.54754L14.4752 3.95254C14.3963 3.81568 14.2763 3.7072 14.1322 3.64256C13.9881 3.57792 13.8273 3.56041 13.6727 3.59254L12.2627 3.87754C12.0833 3.91461 11.8965 3.88474 11.7376 3.79354C11.5787 3.70235 11.4587 3.55616 11.4002 3.38254L10.9427 2.01004C10.8924 1.86108 10.7965 1.73169 10.6686 1.64017C10.5408 1.54866 10.3874 1.49964 10.2302 1.50004H7.23017C7.06662 1.49151 6.90477 1.53674 6.76934 1.62883C6.63391 1.72092 6.53235 1.85481 6.48017 2.01004L6.06017 3.38254C6.00167 3.55616 5.88165 3.70235 5.72275 3.79354C5.56386 3.88474 5.37708 3.91461 5.19767 3.87754L3.75017 3.59254C3.60358 3.57183 3.45414 3.59496 3.32068 3.65902C3.18721 3.72309 3.07569 3.82521 3.00017 3.95254L1.50017 6.54754C1.41854 6.68303 1.38183 6.84086 1.3953 6.99846C1.40877 7.15606 1.47173 7.30537 1.57517 7.42504L2.52767 8.50504C2.64791 8.64191 2.71422 8.81786 2.71422 9.00004C2.71422 9.18223 2.64791 9.35818 2.52767 9.49504L1.57517 10.575C1.47173 10.6947 1.40877 10.844 1.3953 11.0016C1.38183 11.1592 1.41854 11.3171 1.50017 11.4525L3.00017 14.0475C3.07899 14.1844 3.19901 14.2929 3.34311 14.3575C3.48721 14.4222 3.64803 14.4397 3.80267 14.4075L5.21267 14.1225C5.39208 14.0855 5.57886 14.1154 5.73775 14.2065C5.89665 14.2977 6.01667 14.4439 6.07517 14.6175L6.53267 15.99C6.58485 16.1453 6.68641 16.2792 6.82184 16.3713C6.95727 16.4633 7.11912 16.5086 7.28267 16.5H10.2827C10.4399 16.5005 10.5933 16.4514 10.7211 16.3599C10.849 16.2684 10.9449 16.139 10.9952 15.99L11.4527 14.6175C11.5112 14.4439 11.6312 14.2977 11.7901 14.2065C11.949 14.1154 12.1358 14.0855 12.3152 14.1225L13.7252 14.4075C13.8798 14.4397 14.0406 14.4222 14.1847 14.3575C14.3288 14.2929 14.4488 14.1844 14.5277 14.0475L16.0277 11.4525C16.1073 11.3155 16.1415 11.1568 16.1253 10.9992C16.1091 10.8415 16.0435 10.693 15.9377 10.575L14.9252 9.49504ZM13.8077 10.5L14.4077 11.175L13.4477 12.84L12.5627 12.66C12.0225 12.5496 11.4606 12.6414 10.9836 12.9179C10.5066 13.1944 10.1478 13.6364 9.97517 14.16L9.69017 15H7.77017L7.50017 14.145C7.32756 13.6214 6.9687 13.1794 6.49172 12.9029C6.01474 12.6264 5.45283 12.5346 4.91267 12.645L4.02767 12.825L3.05267 11.1675L3.65267 10.4925C4.02163 10.08 4.22562 9.54599 4.22562 8.99254C4.22562 8.43909 4.02163 7.90506 3.65267 7.49254L3.05267 6.81754L4.01267 5.16754L4.89767 5.34754C5.43783 5.45796 5.99974 5.3662 6.47672 5.08969C6.9537 4.81318 7.31256 4.37116 7.48517 3.84754L7.77017 3.00004H9.69017L9.97517 3.85504C10.1478 4.37866 10.5066 4.82068 10.9836 5.09719C11.4606 5.3737 12.0225 5.46546 12.5627 5.35504L13.4477 5.17504L14.4077 6.84004L13.8077 7.51504C13.4428 7.92661 13.2414 8.45756 13.2414 9.00754C13.2414 9.55753 13.4428 10.0885 13.8077 10.5ZM8.73017 6.00004C8.13682 6.00004 7.5568 6.17599 7.06346 6.50564C6.57011 6.83528 6.18559 7.30381 5.95853 7.85199C5.73146 8.40017 5.67205 9.00337 5.78781 9.58531C5.90357 10.1673 6.18929 10.7018 6.60885 11.1214C7.0284 11.5409 7.56295 11.8266 8.1449 11.9424C8.72684 12.0582 9.33004 11.9987 9.87822 11.7717C10.4264 11.5446 10.8949 11.1601 11.2246 10.6668C11.5542 10.1734 11.7302 9.59339 11.7302 9.00004C11.7302 8.20439 11.4141 7.44133 10.8515 6.87872C10.2889 6.31611 9.52582 6.00004 8.73017 6.00004ZM8.73017 10.5C8.43349 10.5 8.14348 10.4121 7.89681 10.2472C7.65014 10.0824 7.45788 9.84816 7.34435 9.57407C7.23081 9.29998 7.20111 8.99838 7.25899 8.70741C7.31687 8.41644 7.45973 8.14916 7.66951 7.93938C7.87928 7.72961 8.14656 7.58674 8.43753 7.52887C8.7285 7.47099 9.0301 7.50069 9.30419 7.61422C9.57828 7.72776 9.81255 7.92001 9.97737 8.16669C10.1422 8.41336 10.2302 8.70337 10.2302 9.00004C10.2302 9.39787 10.0721 9.7794 9.79083 10.0607C9.50952 10.342 9.12799 10.5 8.73017 10.5Z"
                  fill="currentColor"
                />
              </svg>
              <span>
                Account
              </span>
            </a>
          </li>
        </ul>
      </nav>
    </div>
  </body>,
  "container": <div>
    <nav
      class="border-b border-primary-200 border-opacity-50 pb-4 pl-8 max-[800px]:block hidden"
    >
      <ul
        class="flex gap-8"
      >
        <li
          class=""
        >
          <a
            class="flex w-full items-center justify-start gap-3 border-none text-sm"
            href="/settings/general"
          >
            <svg
              fill="none"
              height="16"
              viewBox="0 0 16 16"
              width="16"
              xmlns="http://www.w3.org/2000/svg"
            >
              <path
                d="M5.65063 8.78268L6.18627 8.56808L5.73278 8.21128C5.13365 7.73991 4.69634 7.09351 4.48169 6.36202C4.26703 5.63054 4.28571 4.85033 4.53513 4.12996C4.78454 3.40958 5.25229 2.78485 5.87329 2.34269C6.49429 1.90053 7.23767 1.66292 8 1.66292C8.76233 1.66292 9.50571 1.90053 10.1267 2.34269C10.7477 2.78485 11.2155 3.40958 11.4649 4.12996C11.7143 4.85033 11.733 5.63054 11.5183 6.36202C11.3037 7.09351 10.8663 7.73991 10.2672 8.21128L10.4733 8.47325L10.3504 8.78308C11.4187 9.20708 12.3516 9.91385 13.0489 10.8276C13.7461 11.7412 14.1815 12.8272 14.3086 13.9693C14.3178 14.0566 14.2923 14.144 14.2374 14.2125C14.1858 14.2771 14.1121 14.32 14.0309 14.3333L13.98 14.3332L13.978 14.3333C13.8956 14.3338 13.8159 14.3037 13.7543 14.2489C13.6928 14.1941 13.6537 14.1185 13.6446 14.0366L13.6446 14.036C13.489 12.6514 12.8288 11.3726 11.79 10.4439C10.7512 9.5153 9.4067 9.00194 8.01333 9.00194C6.61997 9.00194 5.27545 9.5153 4.23665 10.4439C3.19786 11.3726 2.53762 12.6514 2.38208 14.036L2.382 14.0368C2.37221 14.1257 2.3275 14.2071 2.2577 14.2631C2.18789 14.3191 2.09871 14.345 2.00978 14.3353C1.92084 14.3255 1.83944 14.2808 1.78347 14.211C1.75575 14.1764 1.73512 14.1367 1.72274 14.0942C1.71037 14.0517 1.70649 14.0071 1.71132 13.9631C1.83775 12.824 2.27089 11.7406 2.9646 10.8283C3.65835 9.91593 4.58668 9.20894 5.65063 8.78268ZM6.33329 7.82766C6.82663 8.15731 7.40665 8.33325 8 8.33325C8.79565 8.33325 9.55871 8.01718 10.1213 7.45457C10.6839 6.89197 11 6.1289 11 5.33325C11 4.73991 10.8241 4.15989 10.4944 3.66654C10.1648 3.1732 9.69623 2.78868 9.14805 2.56162C8.59987 2.33455 7.99667 2.27514 7.41473 2.3909C6.83278 2.50665 6.29823 2.79238 5.87868 3.21193C5.45912 3.63149 5.1734 4.16604 5.05764 4.74798C4.94189 5.32993 5.0013 5.93313 5.22836 6.4813C5.45542 7.02948 5.83994 7.49802 6.33329 7.82766Z"
                fill="black"
                stroke="currentColor"
                stroke-width="0.666667"
              />
            </svg>
            <span>
              General
            </span>
          </a>
        </li>
        <li
          class=""
        >
          <a
            class="flex w-full items-center justify-start gap-3 border-none text-sm"
            href="/settings/account"
          >
            <svg
              fill="none"
              height="18"
              viewBox="0 0 18 18"
              width="18"
              xmlns="http://www.w3.org/2000/svg"
            >
              <path
                d="M14.9252 9.49504C14.8049 9.35818 14.7386 9.18223 14.7386 9.00004C14.7386 8.81786 14.8049 8.64191 14.9252 8.50504L15.8852 7.42504C15.991 7.30704 16.0566 7.15857 16.0728 7.00092C16.089 6.84328 16.0548 6.68456 15.9752 6.54754L14.4752 3.95254C14.3963 3.81568 14.2763 3.7072 14.1322 3.64256C13.9881 3.57792 13.8273 3.56041 13.6727 3.59254L12.2627 3.87754C12.0833 3.91461 11.8965 3.88474 11.7376 3.79354C11.5787 3.70235 11.4587 3.55616 11.4002 3.38254L10.9427 2.01004C10.8924 1.86108 10.7965 1.73169 10.6686 1.64017C10.5408 1.54866 10.3874 1.49964 10.2302 1.50004H7.23017C7.06662 1.49151 6.90477 1.53674 6.76934 1.62883C6.63391 1.72092 6.53235 1.85481 6.48017 2.01004L6.06017 3.38254C6.00167 3.55616 5.88165 3.70235 5.72275 3.79354C5.56386 3.88474 5.37708 3.91461 5.19767 3.87754L3.75017 3.59254C3.60358 3.57183 3.45414 3.59496 3.32068 3.65902C3.18721 3.72309 3.07569 3.82521 3.00017 3.95254L1.50017 6.54754C1.41854 6.68303 1.38183 6.84086 1.3953 6.99846C1.40877 7.15606 1.47173 7.30537 1.57517 7.42504L2.52767 8.50504C2.64791 8.64191 2.71422 8.81786 2.71422 9.00004C2.71422 9.18223 2.64791 9.35818 2.52767 9.49504L1.57517 10.575C1.47173 10.6947 1.40877 10.844 1.3953 11.0016C1.38183 11.1592 1.41854 11.3171 1.50017 11.4525L3.00017 14.0475C3.07899 14.1844 3.19901 14.2929 3.34311 14.3575C3.48721 14.4222 3.64803 14.4397 3.80267 14.4075L5.21267 14.1225C5.39208 14.0855 5.57886 14.1154 5.73775 14.2065C5.89665 14.2977 6.01667 14.4439 6.07517 14.6175L6.53267 15.99C6.58485 16.1453 6.68641 16.2792 6.82184 16.3713C6.95727 16.4633 7.11912 16.5086 7.28267 16.5H10.2827C10.4399 16.5005 10.5933 16.4514 10.7211 16.3599C10.849 16.2684 10.9449 16.139 10.9952 15.99L11.4527 14.6175C11.5112 14.4439 11.6312 14.2977 11.7901 14.2065C11.949 14.1154 12.1358 14.0855 12.3152 14.1225L13.7252 14.4075C13.8798 14.4397 14.0406 14.4222 14.1847 14.3575C14.3288 14.2929 14.4488 14.1844 14.5277 14.0475L16.0277 11.4525C16.1073 11.3155 16.1415 11.1568 16.1253 10.9992C16.1091 10.8415 16.0435 10.693 15.9377 10.575L14.9252 9.49504ZM13.8077 10.5L14.4077 11.175L13.4477 12.84L12.5627 12.66C12.0225 12.5496 11.4606 12.6414 10.9836 12.9179C10.5066 13.1944 10.1478 13.6364 9.97517 14.16L9.69017 15H7.77017L7.50017 14.145C7.32756 13.6214 6.9687 13.1794 6.49172 12.9029C6.01474 12.6264 5.45283 12.5346 4.91267 12.645L4.02767 12.825L3.05267 11.1675L3.65267 10.4925C4.02163 10.08 4.22562 9.54599 4.22562 8.99254C4.22562 8.43909 4.02163 7.90506 3.65267 7.49254L3.05267 6.81754L4.01267 5.16754L4.89767 5.34754C5.43783 5.45796 5.99974 5.3662 6.47672 5.08969C6.9537 4.81318 7.31256 4.37116 7.48517 3.84754L7.77017 3.00004H9.69017L9.97517 3.85504C10.1478 4.37866 10.5066 4.82068 10.9836 5.09719C11.4606 5.3737 12.0225 5.46546 12.5627 5.35504L13.4477 5.17504L14.4077 6.84004L13.8077 7.51504C13.4428 7.92661 13.2414 8.45756 13.2414 9.00754C13.2414 9.55753 13.4428 10.0885 13.8077 10.5ZM8.73017 6.00004C8.13682 6.00004 7.5568 6.17599 7.06346 6.50564C6.57011 6.83528 6.18559 7.30381 5.95853 7.85199C5.73146 8.40017 5.67205 9.00337 5.78781 9.58531C5.90357 10.1673 6.18929 10.7018 6.60885 11.1214C7.0284 11.5409 7.56295 11.8266 8.1449 11.9424C8.72684 12.0582 9.33004 11.9987 9.87822 11.7717C10.4264 11.5446 10.8949 11.1601 11.2246 10.6668C11.5542 10.1734 11.7302 9.59339 11.7302 9.00004C11.7302 8.20439 11.4141 7.44133 10.8515 6.87872C10.2889 6.31611 9.52582 6.00004 8.73017 6.00004ZM8.73017 10.5C8.43349 10.5 8.14348 10.4121 7.89681 10.2472C7.65014 10.0824 7.45788 9.84816 7.34435 9.57407C7.23081 9.29998 7.20111 8.99838 7.25899 8.70741C7.31687 8.41644 7.45973 8.14916 7.66951 7.93938C7.87928 7.72961 8.14656 7.58674 8.43753 7.52887C8.7285 7.47099 9.0301 7.50069 9.30419 7.61422C9.57828 7.72776 9.81255 7.92001 9.97737 8.16669C10.1422 8.41336 10.2302 8.70337 10.2302 9.00004C10.2302 9.39787 10.0721 9.7794 9.79083 10.0607C9.50952 10.342 9.12799 10.5 8.73017 10.5Z"
                fill="currentColor"
              />
            </svg>
            <span>
              Account
            </span>
          </a>
        </li>
      </ul>
    </nav>
  </div>,
  "debug": [Function],
  "findAllByAltText": [Function],
  "findAllByDisplayValue": [Function],
  "findAllByLabelText": [Function],
  "findAllByPlaceholderText": [Function],
  "findAllByRole": [Function],
  "findAllByTestId": [Function],
  "findAllByText": [Function],
  "findAllByTitle": [Function],
  "findByAltText": [Function],
  "findByDisplayValue": [Function],
  "findByLabelText": [Function],
  "findByPlaceholderText": [Function],
  "findByRole": [Function],
  "findByTestId": [Function],
  "findByText": [Function],
  "findByTitle": [Function],
  "getAllByAltText": [Function],
  "getAllByDisplayValue": [Function],
  "getAllByLabelText": [Function],
  "getAllByPlaceholderText": [Function],
  "getAllByRole": [Function],
  "getAllByTestId": [Function],
  "getAllByText": [Function],
  "getAllByTitle": [Function],
  "getByAltText": [Function],
  "getByDisplayValue": [Function],
  "getByLabelText": [Function],
  "getByPlaceholderText": [Function],
  "getByRole": [Function],
  "getByTestId": [Function],
  "getByText": [Function],
  "getByTitle": [Function],
  "queryAllByAltText": [Function],
  "queryAllByDisplayValue": [Function],
  "queryAllByLabelText": [Function],
  "queryAllByPlaceholderText": [Function],
  "queryAllByRole": [Function],
  "queryAllByTestId": [Function],
  "queryAllByText": [Function],
  "queryAllByTitle": [Function],
  "queryByAltText": [Function],
  "queryByDisplayValue": [Function],
  "queryByLabelText": [Function],
  "queryByPlaceholderText": [Function],
  "queryByRole": [Function],
  "queryByTestId": [Function],
  "queryByText": [Function],
  "queryByTitle": [Function],
  "rerender": [Function],
  "unmount": [Function],
}
`;
