// Jest Snapshot v1, https://goo.gl/fbAQLP

exports[`AccountTabs component Should render snapshot correctly. 1`] = `<div />`;
