// Jest Snapshot v1, https://goo.gl/fbAQLP

exports[`CreditCardSkeleton component should match snapshot 1`] = `
{
  "asFragment": [Function],
  "baseElement": <body>
    <div>
      <div
        class="flex flex-col relative overflow-hidden h-auto text-foreground box-border bg-content1 outline-none data-[focus-visible=true]:z-10 data-[focus-visible=true]:outline-2 data-[focus-visible=true]:outline-focus data-[focus-visible=true]:outline-offset-2 shadow-medium rounded-small transition-transform-background motion-reduce:transition-none w-[290px] space-y-5 p-4"
        tabindex="-1"
      >
        <div
          class="group relative overflow-hidden bg-content3 dark:bg-content2 pointer-events-none before:opacity-100 before:absolute before:inset-0 before:-translate-x-full before:animate-[shimmer_2s_infinite] before:border-t before:border-content4/30 before:bg-gradient-to-r before:from-transparent before:via-content4 dark:before:via-default-700/10 before:to-transparent after:opacity-100 after:absolute after:inset-0 after:-z-10 after:bg-content3 dark:after:bg-content2 data-[loaded=true]:pointer-events-auto data-[loaded=true]:overflow-visible data-[loaded=true]:!bg-transparent data-[loaded=true]:before:opacity-0 data-[loaded=true]:before:-z-10 data-[loaded=true]:before:animate-none data-[loaded=true]:after:opacity-0 transition-background !duration-300 rounded-lg"
        >
          <div
            class="opacity-0 group-data-[loaded=true]:opacity-100 transition-opacity motion-reduce:transition-none !duration-300"
          >
            <div
              class="h-4 rounded-lg bg-default-300"
            />
          </div>
        </div>
        <div
          class="flex flex-col gap-2"
        >
          <div
            class="group relative overflow-hidden bg-content3 dark:bg-content2 pointer-events-none before:opacity-100 before:absolute before:inset-0 before:-translate-x-full before:animate-[shimmer_2s_infinite] before:border-t before:border-content4/30 before:bg-gradient-to-r before:from-transparent before:via-content4 dark:before:via-default-700/10 before:to-transparent after:opacity-100 after:absolute after:inset-0 after:-z-10 after:bg-content3 dark:after:bg-content2 data-[loaded=true]:pointer-events-auto data-[loaded=true]:overflow-visible data-[loaded=true]:!bg-transparent data-[loaded=true]:before:opacity-0 data-[loaded=true]:before:-z-10 data-[loaded=true]:before:animate-none data-[loaded=true]:after:opacity-0 transition-background !duration-300 w-4/5 rounded-lg"
          >
            <div
              class="opacity-0 group-data-[loaded=true]:opacity-100 transition-opacity motion-reduce:transition-none !duration-300"
            >
              <div
                class="h-3 w-4/5 rounded-lg bg-default-300"
              />
            </div>
          </div>
          <div
            class="flex w-full items-center gap-3"
          >
            <div
              class="flex w-full flex-col gap-2"
            >
              <div
                class="group relative overflow-hidden bg-content3 dark:bg-content2 pointer-events-none before:opacity-100 before:absolute before:inset-0 before:-translate-x-full before:animate-[shimmer_2s_infinite] before:border-t before:border-content4/30 before:bg-gradient-to-r before:from-transparent before:via-content4 dark:before:via-default-700/10 before:to-transparent after:opacity-100 after:absolute after:inset-0 after:-z-10 after:bg-content3 dark:after:bg-content2 data-[loaded=true]:pointer-events-auto data-[loaded=true]:overflow-visible data-[loaded=true]:!bg-transparent data-[loaded=true]:before:opacity-0 data-[loaded=true]:before:-z-10 data-[loaded=true]:before:animate-none data-[loaded=true]:after:opacity-0 transition-background !duration-300 h-3 w-3/5 rounded-lg"
              >
                <div
                  class="opacity-0 group-data-[loaded=true]:opacity-100 transition-opacity motion-reduce:transition-none !duration-300"
                />
              </div>
              <div
                class="group relative overflow-hidden bg-content3 dark:bg-content2 pointer-events-none before:opacity-100 before:absolute before:inset-0 before:-translate-x-full before:animate-[shimmer_2s_infinite] before:border-t before:border-content4/30 before:bg-gradient-to-r before:from-transparent before:via-content4 dark:before:via-default-700/10 before:to-transparent after:opacity-100 after:absolute after:inset-0 after:-z-10 after:bg-content3 dark:after:bg-content2 data-[loaded=true]:pointer-events-auto data-[loaded=true]:overflow-visible data-[loaded=true]:!bg-transparent data-[loaded=true]:before:opacity-0 data-[loaded=true]:before:-z-10 data-[loaded=true]:before:animate-none data-[loaded=true]:after:opacity-0 transition-background !duration-300 h-3 w-4/5 rounded-lg"
              >
                <div
                  class="opacity-0 group-data-[loaded=true]:opacity-100 transition-opacity motion-reduce:transition-none !duration-300"
                />
              </div>
            </div>
            <div>
              <div
                class="group relative overflow-hidden bg-content3 dark:bg-content2 pointer-events-none before:opacity-100 before:absolute before:inset-0 before:-translate-x-full before:animate-[shimmer_2s_infinite] before:border-t before:border-content4/30 before:bg-gradient-to-r before:from-transparent before:via-content4 dark:before:via-default-700/10 before:to-transparent after:opacity-100 after:absolute after:inset-0 after:-z-10 after:bg-content3 dark:after:bg-content2 data-[loaded=true]:pointer-events-auto data-[loaded=true]:overflow-visible data-[loaded=true]:!bg-transparent data-[loaded=true]:before:opacity-0 data-[loaded=true]:before:-z-10 data-[loaded=true]:before:animate-none data-[loaded=true]:after:opacity-0 transition-background !duration-300 flex h-12 w-12 rounded-full"
              >
                <div
                  class="opacity-0 group-data-[loaded=true]:opacity-100 transition-opacity motion-reduce:transition-none !duration-300"
                />
              </div>
            </div>
          </div>
        </div>
      </div>
    </div>
  </body>,
  "container": <div>
    <div
      class="flex flex-col relative overflow-hidden h-auto text-foreground box-border bg-content1 outline-none data-[focus-visible=true]:z-10 data-[focus-visible=true]:outline-2 data-[focus-visible=true]:outline-focus data-[focus-visible=true]:outline-offset-2 shadow-medium rounded-small transition-transform-background motion-reduce:transition-none w-[290px] space-y-5 p-4"
      tabindex="-1"
    >
      <div
        class="group relative overflow-hidden bg-content3 dark:bg-content2 pointer-events-none before:opacity-100 before:absolute before:inset-0 before:-translate-x-full before:animate-[shimmer_2s_infinite] before:border-t before:border-content4/30 before:bg-gradient-to-r before:from-transparent before:via-content4 dark:before:via-default-700/10 before:to-transparent after:opacity-100 after:absolute after:inset-0 after:-z-10 after:bg-content3 dark:after:bg-content2 data-[loaded=true]:pointer-events-auto data-[loaded=true]:overflow-visible data-[loaded=true]:!bg-transparent data-[loaded=true]:before:opacity-0 data-[loaded=true]:before:-z-10 data-[loaded=true]:before:animate-none data-[loaded=true]:after:opacity-0 transition-background !duration-300 rounded-lg"
      >
        <div
          class="opacity-0 group-data-[loaded=true]:opacity-100 transition-opacity motion-reduce:transition-none !duration-300"
        >
          <div
            class="h-4 rounded-lg bg-default-300"
          />
        </div>
      </div>
      <div
        class="flex flex-col gap-2"
      >
        <div
          class="group relative overflow-hidden bg-content3 dark:bg-content2 pointer-events-none before:opacity-100 before:absolute before:inset-0 before:-translate-x-full before:animate-[shimmer_2s_infinite] before:border-t before:border-content4/30 before:bg-gradient-to-r before:from-transparent before:via-content4 dark:before:via-default-700/10 before:to-transparent after:opacity-100 after:absolute after:inset-0 after:-z-10 after:bg-content3 dark:after:bg-content2 data-[loaded=true]:pointer-events-auto data-[loaded=true]:overflow-visible data-[loaded=true]:!bg-transparent data-[loaded=true]:before:opacity-0 data-[loaded=true]:before:-z-10 data-[loaded=true]:before:animate-none data-[loaded=true]:after:opacity-0 transition-background !duration-300 w-4/5 rounded-lg"
        >
          <div
            class="opacity-0 group-data-[loaded=true]:opacity-100 transition-opacity motion-reduce:transition-none !duration-300"
          >
            <div
              class="h-3 w-4/5 rounded-lg bg-default-300"
            />
          </div>
        </div>
        <div
          class="flex w-full items-center gap-3"
        >
          <div
            class="flex w-full flex-col gap-2"
          >
            <div
              class="group relative overflow-hidden bg-content3 dark:bg-content2 pointer-events-none before:opacity-100 before:absolute before:inset-0 before:-translate-x-full before:animate-[shimmer_2s_infinite] before:border-t before:border-content4/30 before:bg-gradient-to-r before:from-transparent before:via-content4 dark:before:via-default-700/10 before:to-transparent after:opacity-100 after:absolute after:inset-0 after:-z-10 after:bg-content3 dark:after:bg-content2 data-[loaded=true]:pointer-events-auto data-[loaded=true]:overflow-visible data-[loaded=true]:!bg-transparent data-[loaded=true]:before:opacity-0 data-[loaded=true]:before:-z-10 data-[loaded=true]:before:animate-none data-[loaded=true]:after:opacity-0 transition-background !duration-300 h-3 w-3/5 rounded-lg"
            >
              <div
                class="opacity-0 group-data-[loaded=true]:opacity-100 transition-opacity motion-reduce:transition-none !duration-300"
              />
            </div>
            <div
              class="group relative overflow-hidden bg-content3 dark:bg-content2 pointer-events-none before:opacity-100 before:absolute before:inset-0 before:-translate-x-full before:animate-[shimmer_2s_infinite] before:border-t before:border-content4/30 before:bg-gradient-to-r before:from-transparent before:via-content4 dark:before:via-default-700/10 before:to-transparent after:opacity-100 after:absolute after:inset-0 after:-z-10 after:bg-content3 dark:after:bg-content2 data-[loaded=true]:pointer-events-auto data-[loaded=true]:overflow-visible data-[loaded=true]:!bg-transparent data-[loaded=true]:before:opacity-0 data-[loaded=true]:before:-z-10 data-[loaded=true]:before:animate-none data-[loaded=true]:after:opacity-0 transition-background !duration-300 h-3 w-4/5 rounded-lg"
            >
              <div
                class="opacity-0 group-data-[loaded=true]:opacity-100 transition-opacity motion-reduce:transition-none !duration-300"
              />
            </div>
          </div>
          <div>
            <div
              class="group relative overflow-hidden bg-content3 dark:bg-content2 pointer-events-none before:opacity-100 before:absolute before:inset-0 before:-translate-x-full before:animate-[shimmer_2s_infinite] before:border-t before:border-content4/30 before:bg-gradient-to-r before:from-transparent before:via-content4 dark:before:via-default-700/10 before:to-transparent after:opacity-100 after:absolute after:inset-0 after:-z-10 after:bg-content3 dark:after:bg-content2 data-[loaded=true]:pointer-events-auto data-[loaded=true]:overflow-visible data-[loaded=true]:!bg-transparent data-[loaded=true]:before:opacity-0 data-[loaded=true]:before:-z-10 data-[loaded=true]:before:animate-none data-[loaded=true]:after:opacity-0 transition-background !duration-300 flex h-12 w-12 rounded-full"
            >
              <div
                class="opacity-0 group-data-[loaded=true]:opacity-100 transition-opacity motion-reduce:transition-none !duration-300"
              />
            </div>
          </div>
        </div>
      </div>
    </div>
  </div>,
  "debug": [Function],
  "findAllByAltText": [Function],
  "findAllByDisplayValue": [Function],
  "findAllByLabelText": [Function],
  "findAllByPlaceholderText": [Function],
  "findAllByRole": [Function],
  "findAllByTestId": [Function],
  "findAllByText": [Function],
  "findAllByTitle": [Function],
  "findByAltText": [Function],
  "findByDisplayValue": [Function],
  "findByLabelText": [Function],
  "findByPlaceholderText": [Function],
  "findByRole": [Function],
  "findByTestId": [Function],
  "findByText": [Function],
  "findByTitle": [Function],
  "getAllByAltText": [Function],
  "getAllByDisplayValue": [Function],
  "getAllByLabelText": [Function],
  "getAllByPlaceholderText": [Function],
  "getAllByRole": [Function],
  "getAllByTestId": [Function],
  "getAllByText": [Function],
  "getAllByTitle": [Function],
  "getByAltText": [Function],
  "getByDisplayValue": [Function],
  "getByLabelText": [Function],
  "getByPlaceholderText": [Function],
  "getByRole": [Function],
  "getByTestId": [Function],
  "getByText": [Function],
  "getByTitle": [Function],
  "queryAllByAltText": [Function],
  "queryAllByDisplayValue": [Function],
  "queryAllByLabelText": [Function],
  "queryAllByPlaceholderText": [Function],
  "queryAllByRole": [Function],
  "queryAllByTestId": [Function],
  "queryAllByText": [Function],
  "queryAllByTitle": [Function],
  "queryByAltText": [Function],
  "queryByDisplayValue": [Function],
  "queryByLabelText": [Function],
  "queryByPlaceholderText": [Function],
  "queryByRole": [Function],
  "queryByTestId": [Function],
  "queryByText": [Function],
  "queryByTitle": [Function],
  "rerender": [Function],
  "unmount": [Function],
}
`;
