// Jest Snapshot v1, https://goo.gl/fbAQLP

exports[`SpendingStatistic component should match snapshot for SpendingStatistic 1`] = `
<div>
  <div
    class="flex flex-col relative overflow-hidden h-auto text-foreground box-border outline-none data-[focus-visible=true]:z-10 data-[focus-visible=true]:outline-2 data-[focus-visible=true]:outline-focus data-[focus-visible=true]:outline-offset-2 transition-transform-background motion-reduce:transition-none w-full rounded-md bg-background-500 p-4 shadow-none"
    tabindex="-1"
  />
</div>
`;
