// Jest Snapshot v1, https://goo.gl/fbAQLP

exports[`ConfirmInternalTransfer component should match snapshot 1`] = `
<div>
  <div
    class="flex flex-col items-center justify-center gap-4"
  >
    <h4
      class="text-primary-200 text-sm font-semibold"
    >
      You are about to transfer
    </h4>
    <span
      class="text-primary-200 text-4xl font-bold"
    >
      $
      1,500
    </span>
    <p
      class="text-primary-200 max-w-[250px] text-center text-xs font-medium text-primary-200 opacity-50"
    >
      From your 
      Main
       wallet to yourÂ 
      Savings
       wallet, this action cannot be undone once approved...
    </p>
    <div
      class="mt-8 flex gap-8"
    >
      <button
        class="z-0 group relative inline-flex items-center justify-center box-border appearance-none select-none whitespace-nowrap subpixel-antialiased overflow-hidden tap-highlight-transparent data-[pressed=true]:scale-[0.97] outline-none data-[focus-visible=true]:z-10 data-[focus-visible=true]:outline-2 data-[focus-visible=true]:outline-focus data-[focus-visible=true]:outline-offset-2 px-4 min-w-20 gap-2 [&>svg]:max-w-[theme(spacing.8)] transition-transform-colors-opacity motion-reduce:transition-none data-[hover=true]:opacity-hover border-transparent bg-background-800 text-foreground-200 rounded m-w-[69px] h-[35px] py-2.5 text-xs font-semibold max-w-24 w-auto"
        type="button"
      >
        Cancel
      </button>
      <button
        aria-label="proceed"
        class="z-0 group relative inline-flex items-center justify-center box-border appearance-none select-none whitespace-nowrap subpixel-antialiased overflow-hidden tap-highlight-transparent data-[pressed=true]:scale-[0.97] outline-none data-[focus-visible=true]:z-10 data-[focus-visible=true]:outline-2 data-[focus-visible=true]:outline-focus data-[focus-visible=true]:outline-offset-2 px-4 min-w-20 gap-2 [&>svg]:max-w-[theme(spacing.8)] transition-transform-colors-opacity motion-reduce:transition-none data-[hover=true]:opacity-hover border-transparent bg-background-300 text-foreground-200 rounded m-w-[69px] h-[35px] py-2.5 text-xs font-semibold max-w-24 w-auto"
        type="button"
      >
        Proceed
      </button>
    </div>
  </div>
</div>
`;
