// Jest Snapshot v1, https://goo.gl/fbAQLP

exports[`DueTile component should match snapshot for DueTile 1`] = `
<div>
  <div
    class="flex gap-3"
  >
    <div
      class="h-9 w-9 rounded-md bg-dimGray p-[6px] text-navyBlue"
    >
      <svg
        fill="none"
        height="24"
        viewBox="0 0 24 24"
        width="24"
        xmlns="http://www.w3.org/2000/svg"
      >
        <path
          d="M21.6599 10.2502L12.6599 2.2502C12.4774 2.08988 12.2428 2.00146 11.9999 2.00146C11.757 2.00146 11.5224 2.08988 11.3399 2.2502L2.33987 10.2502C2.18691 10.3855 2.07904 10.5644 2.03077 10.7629C1.98251 10.9613 1.99615 11.1697 2.06987 11.3602C2.14239 11.5481 2.26998 11.7098 2.43592 11.824C2.60187 11.9382 2.79843 11.9996 2.99987 12.0002H3.99987V21.0002C3.99987 21.2654 4.10523 21.5198 4.29277 21.7073C4.4803 21.8948 4.73466 22.0002 4.99987 22.0002H18.9999C19.2651 22.0002 19.5194 21.8948 19.707 21.7073C19.8945 21.5198 19.9999 21.2654 19.9999 21.0002V12.0002H20.9999C21.2013 11.9996 21.3979 11.9382 21.5638 11.824C21.7298 11.7098 21.8574 11.5481 21.9299 11.3602C22.0036 11.1697 22.0172 10.9613 21.969 10.7629C21.9207 10.5644 21.8128 10.3855 21.6599 10.2502ZM12.9999 20.0002H10.9999V17.0002C10.9999 16.735 11.1052 16.4806 11.2928 16.2931C11.4803 16.1056 11.7347 16.0002 11.9999 16.0002C12.2651 16.0002 12.5194 16.1056 12.707 16.2931C12.8945 16.4806 12.9999 16.735 12.9999 17.0002V20.0002ZM17.9999 20.0002H14.9999V17.0002C14.9999 16.2045 14.6838 15.4415 14.1212 14.8789C13.5586 14.3163 12.7955 14.0002 11.9999 14.0002C11.2042 14.0002 10.4412 14.3163 9.87855 14.8789C9.31594 15.4415 8.99987 16.2045 8.99987 17.0002V20.0002H5.99987V12.0002H17.9999V20.0002ZM5.62987 10.0002L11.9999 4.3402L18.3699 10.0002H5.62987Z"
          fill="currentColor"
        />
      </svg>
    </div>
    <div
      class="flex flex-col"
    >
      <span
        class="text-primary-200 text-sm font-semibold text-navyBlue"
      >
        Mortgage
      </span>
      <span
        class="text-primary-200 text-[10px] font-normal text-neutralGray"
      >
        Aug 21 at 3:00 pm
      </span>
    </div>
  </div>
</div>
`;
