// Jest Snapshot v1, https://goo.gl/fbAQLP

exports[`LoadingIndicator component Should render snapshot correctly 1`] = `
{
  "asFragment": [Function],
  "baseElement": <body>
    <div>
      <div
        class="flex h-full w-full items-center justify-center text-center"
      >
        <div
          aria-label="Loading"
          class="relative inline-flex flex-col gap-2 items-center justify-center"
        >
          <div
            class="relative flex w-10 h-10"
          >
            <i
              class="absolute w-full h-full rounded-full animate-spinner-ease-spin border-solid border-t-transparent border-l-transparent border-r-transparent border-3 border-b-success"
            />
            <i
              class="absolute w-full h-full rounded-full opacity-75 animate-spinner-linear-spin border-dotted border-t-transparent border-l-transparent border-r-transparent border-3 border-b-success"
            />
          </div>
        </div>
      </div>
    </div>
  </body>,
  "container": <div>
    <div
      class="flex h-full w-full items-center justify-center text-center"
    >
      <div
        aria-label="Loading"
        class="relative inline-flex flex-col gap-2 items-center justify-center"
      >
        <div
          class="relative flex w-10 h-10"
        >
          <i
            class="absolute w-full h-full rounded-full animate-spinner-ease-spin border-solid border-t-transparent border-l-transparent border-r-transparent border-3 border-b-success"
          />
          <i
            class="absolute w-full h-full rounded-full opacity-75 animate-spinner-linear-spin border-dotted border-t-transparent border-l-transparent border-r-transparent border-3 border-b-success"
          />
        </div>
      </div>
    </div>
  </div>,
  "debug": [Function],
  "findAllByAltText": [Function],
  "findAllByDisplayValue": [Function],
  "findAllByLabelText": [Function],
  "findAllByPlaceholderText": [Function],
  "findAllByRole": [Function],
  "findAllByTestId": [Function],
  "findAllByText": [Function],
  "findAllByTitle": [Function],
  "findByAltText": [Function],
  "findByDisplayValue": [Function],
  "findByLabelText": [Function],
  "findByPlaceholderText": [Function],
  "findByRole": [Function],
  "findByTestId": [Function],
  "findByText": [Function],
  "findByTitle": [Function],
  "getAllByAltText": [Function],
  "getAllByDisplayValue": [Function],
  "getAllByLabelText": [Function],
  "getAllByPlaceholderText": [Function],
  "getAllByRole": [Function],
  "getAllByTestId": [Function],
  "getAllByText": [Function],
  "getAllByTitle": [Function],
  "getByAltText": [Function],
  "getByDisplayValue": [Function],
  "getByLabelText": [Function],
  "getByPlaceholderText": [Function],
  "getByRole": [Function],
  "getByTestId": [Function],
  "getByText": [Function],
  "getByTitle": [Function],
  "queryAllByAltText": [Function],
  "queryAllByDisplayValue": [Function],
  "queryAllByLabelText": [Function],
  "queryAllByPlaceholderText": [Function],
  "queryAllByRole": [Function],
  "queryAllByTestId": [Function],
  "queryAllByText": [Function],
  "queryAllByTitle": [Function],
  "queryByAltText": [Function],
  "queryByDisplayValue": [Function],
  "queryByLabelText": [Function],
  "queryByPlaceholderText": [Function],
  "queryByRole": [Function],
  "queryByTestId": [Function],
  "queryByText": [Function],
  "queryByTitle": [Function],
  "rerender": [Function],
  "unmount": [Function],
}
`;
