// Jest Snapshot v1, https://goo.gl/fbAQLP

exports[`DailyLimit component should match snapshot for DailyLimit 1`] = `
<div>
  <div
    class="flex flex-col relative overflow-hidden h-auto text-foreground box-border bg-content1 outline-none data-[focus-visible=true]:z-10 data-[focus-visible=true]:outline-2 data-[focus-visible=true]:outline-focus data-[focus-visible=true]:outline-offset-2 transition-transform-background motion-reduce:transition-none w-full basis-1/2 gap-4 rounded-md px-2 py-3 shadow-none"
    tabindex="-1"
  >
    <div
      class="z-10 w-full items-center shrink-0 overflow-inherit color-inherit subpixel-antialiased rounded-t-large flex justify-between p-0 text-xs font-semibold"
    >
      <span
        class="text-xs lg:text-xl xl:text-xs"
      >
        Daily Limit
      </span>
      <div
        class="relative max-w-fit min-w-min inline-flex items-center justify-between box-border whitespace-nowrap text-tiny rounded-full px-2 py-1 text-primary bg-lightAqua h-5"
      >
        <svg
          fill="none"
          height="10"
          viewBox="0 0 11 10"
          width="11"
          xmlns="http://www.w3.org/2000/svg"
        >
          <path
            d="M7.66832 4.70416L5.51315 2.62083C5.47215 2.5829 5.42381 2.55316 5.3709 2.53333C5.26596 2.49166 5.14826 2.49166 5.04332 2.53333C4.99041 2.55316 4.94207 2.5829 4.90108 2.62083L2.7459 4.70416C2.70572 4.74301 2.67384 4.78913 2.65209 4.83989C2.63034 4.89065 2.61914 4.94506 2.61914 5C2.61914 5.11096 2.66474 5.21737 2.7459 5.29583C2.82707 5.37429 2.93715 5.41837 3.05194 5.41837C3.16672 5.41837 3.27681 5.37429 3.35797 5.29583L4.77608 3.92083V7.08333C4.77608 7.19384 4.82149 7.29982 4.90232 7.37796C4.98316 7.4561 5.09279 7.5 5.20711 7.5C5.32143 7.5 5.43106 7.4561 5.5119 7.37796C5.59273 7.29982 5.63815 7.19384 5.63815 7.08333V3.92083L7.05625 5.29583C7.09632 5.33488 7.14399 5.36588 7.19652 5.38704C7.24904 5.40819 7.30538 5.41908 7.36228 5.41908C7.41919 5.41908 7.47552 5.40819 7.52805 5.38704C7.58057 5.36588 7.62825 5.33488 7.66832 5.29583C7.70872 5.2571 7.74079 5.21101 7.76267 5.16024C7.78455 5.10946 7.79582 5.055 7.79582 5C7.79582 4.94499 7.78455 4.89053 7.76267 4.83976C7.74079 4.78898 7.70872 4.7429 7.66832 4.70416Z"
            fill="currentColor"
          />
        </svg>
        <span
          class="flex-1 text-inherit font-extrabold text-4xs p-0"
        >
          8%
        </span>
      </div>
    </div>
    <div
      class="relative flex w-full flex-auto flex-col place-content-inherit align-items-inherit h-auto break-words text-left subpixel-antialiased overflow-hidden p-0 text-xs"
    >
      <div
        class="flex items-baseline"
      >
        <span
          class="text-xs font-bold lg:text-base xl:text-xs"
        >
          $ 
          50,000
           Used
        </span>
        <span
          class="ml-2 text-3xs font-normal"
        >
          from $ 
          183,450
           limit
        </span>
      </div>
    </div>
    <div
      class="h-auto flex w-full items-center overflow-hidden color-inherit subpixel-antialiased rounded-b-large p-0 pb-2"
    >
      <div
        aria-label="Loading..."
        aria-valuemax="100"
        aria-valuemin="0"
        aria-valuenow="40"
        aria-valuetext="40%"
        class="flex flex-col gap-2 w-full"
        id="react-aria-:r0:"
        role="progressbar"
      >
        <div
          class="z-0 relative overflow-hidden h-3 rounded-full bg-lightAqua"
        >
          <div
            class="h-full rounded-full transition-transform !duration-500 bg-java"
            style="transform: translateX(-100%);"
          />
        </div>
      </div>
    </div>
  </div>
</div>
`;
