// Jest Snapshot v1, https://goo.gl/fbAQLP

exports[`HeaderAuth should return undefined if there is no session 1`] = `null`;
