// Jest Snapshot v1, https://goo.gl/fbAQLP

exports[`Toast Component should match snapshot 1`] = `
<div>
  <div
    class="fixed top-5 right-5 z-50 space-y-2"
  />
  <div
    class="fixed top-5 left-5 z-50 space-y-2"
  />
  <div
    class="fixed top-5 left-1/2 transform -translate-x-1/2 z-50 space-y-2"
  />
  <div
    class="fixed bottom-5 right-5 z-50 space-y-2"
  />
  <div
    class="fixed bottom-5 left-5 z-50 space-y-2"
  />
  <div
    class="fixed bottom-5 left-1/2 transform -translate-x-1/2 z-50 space-y-2"
  />
</div>
`;
